INFO     : ~~~~~~~~~~~~~~~~~~~~~~~~~~~~~~~~~~~~~~~~~~~~~~~~~~~~~~~~~~~~~~~~~~~~~~~~~~~~~~~~
INFO     : Router Setup
INFO     : ~~~~~~~~~~~~~~~~~~~~~~~~~~~~~~~~~~~~~~~~~~~~~~~~~~~~~~~~~~~~~~~~~~~~~~~~~~~~~~~~
INFO     : [Setup Parallel Routing Scheduler]
INFO     : ~~~~~~~~~~~~~~~~~~~~~~~~~~~~~~~~~~~~~~~~~~~~~~~~~~~~~~~~~~~~~~~~~~~~~~~~~~~~~~~~
INFO     : Route Circuit with 8 threads
INFO     : ~~~~~~~~~~~~~~~~~~~~~~~~~~~~~~~~~~~~~~~~~~~~~~~~~~~~~~~~~~~~~~~~~~~~~~~~~~~~~~~~
INFO     : Beneficial skew enabled! Optimizing clock skews ... 
INFO     : Non-legalized beneficial skew improved geomean CPD by 0.00% (from 1679ps to 1679ps)
INFO     : CSS improved CPD of clock pll_inst1_CLKOUT1 by 0.00% (from 1679ps to 1679ps)
INFO     : Discretized beneficial skew improved geomean CPD by 0.00% (from 1679ps to 1679ps in 4 iterations and 0.1 sec)
INFO     : ~~~~~~~~~~~~~~~~~~~~~~~~~~~~~~~~~~~~~~~~~~~~~~~~~~~~~~~~~~~~~~~~~~~~~~~~~~~~~~~~
INFO     : Overridding delay budgets for 0 synchronizer-related pins
INFO     : Iter  1: overlap=2700    heapops=1033213    (0%) cpd=1679  frr=1.00  msec=343
INFO     : [Setup Delay Budgets | 36.9 ms]
INFO     : ~~~~~~~~~~~~~~~~~~~~~~~~~~~~~~~~~~~~~~~~~~~~~~~~~~~~~~~~~~~~~~~~~~~~~~~~~~~~~~~~
INFO     : Hold Fixing
INFO     : ~~~~~~~~~~~~~~~~~~~~~~~~~~~~~~~~~~~~~~~~~~~~~~~~~~~~~~~~~~~~~~~~~~~~~~~~~~~~~~~~
INFO     : Total min wire delay:    595330
INFO     : Hold fix wire delay:          0
INFO     : Hold fix delay ratio:     0.00%
INFO     : Pins requiring hold fix:  0.00%
INFO     : ~~~~~~~~~~~~~~~~~~~~~~~~~~~~~~~~~~~~~~~~~~~~~~~~~~~~~~~~~~~~~~~~~~~~~~~~~~~~~~~~
INFO     : Iter  2: overlap=1115    heapops=497962     (46%) cpd=1630  frr=0.97  msec=111
INFO     : Iter  3: overlap=564     heapops=299520     (62%) cpd=1628  frr=0.97  msec=75
INFO     : Iter  4: overlap=223     heapops=171271     (76%) cpd=1625  frr=0.97  msec=57
INFO     : [Rebuild Parallel Routing Scheduler]
INFO     : Iter  5: overlap=52      heapops=45573      (85%) cpd=1625  frr=0.97  msec=36
INFO     : Iter  6: overlap=10      heapops=15015      (88%) cpd=1625  frr=0.97  msec=26
INFO     : Iter  7: overlap=2       heapops=6876       (89%) cpd=1625  frr=0.97  msec=22
INFO     : Iter  8: overlap=2       heapops=5609       (89%) cpd=1625  frr=0.97  msec=20
INFO     : Iter  9: overlap=2       heapops=5738       (89%) cpd=1625  frr=0.97  msec=19
INFO     : Iter 10: overlap=1       heapops=5508       (89%) cpd=1633  frr=0.97  msec=20
INFO     : Iter 11: overlap=2       heapops=5672       (89%) cpd=1625  frr=0.97  msec=21
INFO     : ~~~~~~~~~~~~~~~~~~~~~~~~~~~~~~~~~~~~~~~~~~~~~~~~~~~~~~~~~~~~~~~~~~~~~~~~~~~~~~~~
INFO     : Beneficial skew enabled! Optimizing clock skews ... 
INFO     : Non-legalized beneficial skew improved geomean CPD by 0.00% (from 1633ps to 1633ps)
INFO     : CSS improved CPD of clock pll_inst1_CLKOUT1 by -0.31% (from 1633ps to 1638ps)
INFO     : Discretized beneficial skew improved geomean CPD by -0.31% (from 1633ps to 1638ps in 1 iterations and 0.1 sec)
INFO     : ~~~~~~~~~~~~~~~~~~~~~~~~~~~~~~~~~~~~~~~~~~~~~~~~~~~~~~~~~~~~~~~~~~~~~~~~~~~~~~~~
INFO     : Iter 12: overlap=0       heapops=5632       (89%) cpd=1638  frr=0.98  msec=103
INFO     : ~~~~~~~~~~~~~~~~~~~~~~~~~~~~~~~~~~~~~~~~~~~~~~~~~~~~~~~~~~~~~~~~~~~~~~~~~~~~~~~~
INFO     : Routing Result
INFO     : ~~~~~~~~~~~~~~~~~~~~~~~~~~~~~~~~~~~~~~~~~~~~~~~~~~~~~~~~~~~~~~~~~~~~~~~~~~~~~~~~
INFO     : Routing Succeeded in 1.25 seconds taking 12 iterations! 
INFO     : 
INFO     : First iteration critical path delay = 1.679 ns 
INFO     : Last iteration critical path delay  = 1.638 ns (ratio = 0.98)
INFO     : Max Routing Heap Size = 2,615
INFO     : Routing trace written to file 'D:/my_code/fpga/yilisi/conv10_10/outflow/conv10_10.troutingtraces' 
INFO     : ~~~~~~~~~~~~~~~~~~~~~~~~~~~~~~~~~~~~~~~~~~~~~~~~~~~~~~~~~~~~~~~~~~~~~~~~~~~~~~~~
INFO     : Routing took 2.3805602 seconds [FlowMsg::StageDuration]
INFO     :     Routing took 3.75 seconds (approximately) in total CPU time [FlowMsg::StageDuration::CPUTime]
INFO     : Routing virtual memory usage: begin = 106.088 MB, end = 223.992 MB, delta = 117.904 MB [FlowMsg::VMUsage]
INFO     :     Routing peak virtual memory usage = 336.24 MB [FlowMsg::VMUsage::Peak]
INFO     : Routing resident set memory usage: begin = 124.44 MB, end = 235.9 MB, delta = 111.46 MB [FlowMsg::RSSUsage]
INFO     :     Routing peak resident set memory usage = 334.444 MB [FlowMsg::RSSUsage::Peak]
           ***** Beginning stage final timing analysis ... *****
WARNING  : No ports matched 'pll_inst1_CLKOUT0'
WARNING  : [SDC D:/my_code/fpga/yilisi/conv10_10/pe_10_10_conv.sdc.sdc:1] No valid pin(s) found for clock
WARNING  : [SDC D:/my_code/fpga/yilisi/conv10_10/pe_10_10_conv.sdc.sdc:1] Unable to run 'create_clock' constraint due to warnings found
WARNING  : No ports matched 'pll_inst1_CLKOUT2'
WARNING  : [SDC D:/my_code/fpga/yilisi/conv10_10/pe_10_10_conv.sdc.sdc:3] No valid pin(s) found for clock
WARNING  : [SDC D:/my_code/fpga/yilisi/conv10_10/pe_10_10_conv.sdc.sdc:3] Unable to run 'create_clock' constraint due to warnings found
INFO     : SDC file 'D:/my_code/fpga/yilisi/conv10_10/pe_10_10_conv.sdc.sdc' parsed successfully.
Maximum possible analyzed clocks frequency
   Clock Name     Period (ns)  Frequency (MHz)     Edge
pll_inst1_CLKOUT1    1.764        566.893         (R-R)

Geomean max period: 1.764

Setup (Max) Clock Relationship
  Launch Clock      Capture Clock   Constraint (ns)     Slack (ns)          Edge
pll_inst1_CLKOUT1 pll_inst1_CLKOUT1      2.000            0.236            (R-R)

Hold (Min) Clock Relationship
  Launch Clock      Capture Clock   Constraint (ns)     Slack (ns)          Edge
pll_inst1_CLKOUT1 pll_inst1_CLKOUT1      0.000            0.046            (R-R)

INFO     : Write Timing Report to "D:/my_code/fpga/yilisi/conv10_10/outflow\conv10_10.timing.rpt" ...
INFO     : final timing analysis took 0.1003658 seconds [FlowMsg::StageDuration]
INFO     :     final timing analysis took 0.0625 seconds (approximately) in total CPU time [FlowMsg::StageDuration::CPUTime]
INFO     : final timing analysis virtual memory usage: begin = 220.856 MB, end = 224.8 MB, delta = 3.944 MB [FlowMsg::VMUsage]
INFO     :     final timing analysis peak virtual memory usage = 336.24 MB [FlowMsg::VMUsage::Peak]
INFO     : final timing analysis resident set memory usage: begin = 233.504 MB, end = 237.504 MB, delta = 4 MB [FlowMsg::RSSUsage]
INFO     :     final timing analysis peak resident set memory usage = 334.444 MB [FlowMsg::RSSUsage::Peak]
           ***** Ending stage final timing analysis *****
           
           ***** Beginning stage bitstream generation ... *****
INFO     : Reading core interface constraints file "D:/my_code/fpga/yilisi/conv10_10/outflow/conv10_10.interface.csv" [DBMsg::CoreInterfaceConstraintsFileReading]
INFO     : Successfully read core interface constraints file "D:/my_code/fpga/yilisi/conv10_10/outflow/conv10_10.interface.csv" [DBMsg::CoreInterfaceConstraintsFileLoadSuccess]
INFO     : Finished writing bitstream file D:/my_code/fpga/yilisi/conv10_10/work_pnr\conv10_10.lbf.
INFO     : Bitstream generation took 0.8567825 seconds [FlowMsg::StageDuration]
INFO     :     Bitstream generation took 0.796875 seconds (approximately) in total CPU time [FlowMsg::StageDuration::CPUTime]
INFO     : Bitstream generation virtual memory usage: begin = 216.536 MB, end = 293.992 MB, delta = 77.456 MB [FlowMsg::VMUsage]
INFO     :     Bitstream generation peak virtual memory usage = 336.24 MB [FlowMsg::VMUsage::Peak]
INFO     : Bitstream generation resident set memory usage: begin = 230.296 MB, end = 309.128 MB, delta = 78.832 MB [FlowMsg::RSSUsage]
INFO     :     Bitstream generation peak resident set memory usage = 334.444 MB [FlowMsg::RSSUsage::Peak]
INFO     : The entire flow of EFX_PNR took 6.2943135 seconds [FlowMsg::StageDuration]
INFO     :     The entire flow of EFX_PNR took 9.1875 seconds (approximately) in total CPU time [FlowMsg::StageDuration::CPUTime]
INFO     : The entire flow of EFX_PNR virtual memory usage: begin = 20.052 MB, end = 293.992 MB, delta = 273.94 MB [FlowMsg::VMUsage]
INFO     :     The entire flow of EFX_PNR peak virtual memory usage = 336.24 MB [FlowMsg::VMUsage::Peak]
INFO     : The entire flow of EFX_PNR resident set memory usage: begin = 22.184 MB, end = 309.168 MB, delta = 286.984 MB [FlowMsg::RSSUsage]
INFO     :     The entire flow of EFX_PNR peak resident set memory usage = 334.444 MB [FlowMsg::RSSUsage::Peak]
