
Efinity Interface Designer Timing Report
Version: 2026.1.132
Date: 2026-08-25 22:42

Copyright (C) 2013 - 2026 Efinix Inc. All rights reserved.

Device: Ti60F225
Project: conv10_10
Timing Model: I3 (final)

---------- 1. PLL Timing Report (begin) ----------

+--------------+----------+-----------------+--------------------------+---------+-------------------+---------------------------------+---------------------------------+
| PLL Instance | Resource | Reference Clock | Core Clock Reference Pin | FB Mode | Core Feedback Pin | PLL Compensation Delay Max (ns) | PLL Compensation Delay Min (ns) |
+--------------+----------+-----------------+--------------------------+---------+-------------------+---------------------------------+---------------------------------+
|  pll_inst1   | PLL_TL0  |     external    |                          |  local  |                   |              0.000              |              0.000              |
+--------------+----------+-----------------+--------------------------+---------+-------------------+---------------------------------+---------------------------------+

+-------------------+-------------+----------------------------+-----------------------+----------+
|       Clock       | Period (ns) | Enable Dynamic Phase Shift | Phase Shift (degrees) | Inverted |
+-------------------+-------------+----------------------------+-----------------------+----------+
| pll_inst1_CLKOUT0 |    10.417   |           false            |         0.000         |  false   |
| pll_inst1_CLKOUT1 |    5.208    |           false            |         0.000         |  false   |
| pll_inst1_CLKOUT2 |   108.507   |           false            |         0.000         |  false   |
+-------------------+-------------+----------------------------+-----------------------+----------+

---------- PLL Timing Report (end) ----------

---------- 2. GPIO Timing Report (begin) ----------

Non-registered GPIO Configuration:
===================================

+---------------+---------------+-----------+----------+----------+
| Instance Name |    Pin Name   | Parameter | Max (ns) | Min (ns) |
+---------------+---------------+-----------+----------+----------+
| sys_clk_24mhz | sys_clk_24mhz |  GPIO_IN  |  2.193   |  1.271   |
|      led      |      led      |  GPIO_OUT |  6.301   |  2.493   |
+---------------+---------------+-----------+----------+----------+

---------- GPIO Timing Report (end) ----------
