
///////////////////////////////////
// Efinity Synthesis Started 
// Aug 12, 2026 00:58:01
///////////////////////////////////

[EFX-0021 ERROR] Elaboration of module 'conv10_10' failed. Please check previous error messages.

///////////////////////////////////
// Efinity Synthesis Started 
// Aug 12, 2026 00:59:30
///////////////////////////////////

[EFX-0010 VERI-ERROR] instantiating unknown module 'generate_resetn' (VERI-1063) (D:\my_code\fpga\yilisi\conv10_10\pe_10_10_conv_top.v:44)
[EFX-0021 ERROR] Elaboration of module 'pe_10_10_conv_top' failed. Please check previous error messages.

///////////////////////////////////
// Efinity Synthesis Started 
// Aug 12, 2026 00:59:41
///////////////////////////////////

[EFX-0010 VERI-ERROR] instantiating unknown module 'generate_resetn' (VERI-1063) (D:\my_code\fpga\yilisi\conv10_10\pe_10_10_conv_top.v:44)
[EFX-0021 ERROR] Elaboration of module 'pe_10_10_conv_top' failed. Please check previous error messages.

///////////////////////////////////
// Efinity Synthesis Started 
// Aug 12, 2026 01:00:33
///////////////////////////////////

[EFX-0010 VERI-ERROR] net 'output_en' is constantly driven from multiple places (VDB-1000) (D:\my_code\fpga\yilisi\conv10_10\pe_10_10.v:51)
[EFX-0010 VERI-ERROR] found another driver here (VDB-1001) (D:\my_code\fpga\yilisi\conv10_10\pe_10_10.v:51)
[EFX-0021 ERROR] Elaboration of module 'pe_10_10_conv_top' failed. Please check previous error messages.

///////////////////////////////////
// Efinity Synthesis Started 
// Aug 12, 2026 01:06:38
///////////////////////////////////

[EFX-0010 VERI-ERROR] net 'output_en' is constantly driven from multiple places (VDB-1000) (D:\my_code\fpga\yilisi\conv10_10\pe_10_10.v:51)
[EFX-0010 VERI-ERROR] found another driver here (VDB-1001) (D:\my_code\fpga\yilisi\conv10_10\pe_10_10.v:51)
[EFX-0021 ERROR] Elaboration of module 'pe_10_10_conv_top' failed. Please check previous error messages.

///////////////////////////////////
// Efinity Synthesis Started 
// Aug 12, 2026 01:16:00
///////////////////////////////////

[EFX-0010 VERI-ERROR] EFX_DSP48 instance pe_10_10_inst/pe_gen[0].pe_inst/u_dsp CASCOUT[0] port must be disconnected or connected to CASCIN. (VDB-9045) 
[EFX-0010 VERI-ERROR] Found 1 errors in the post-synthesis netlist. 

///////////////////////////////////
// Efinity Synthesis Started 
// Aug 12, 2026 02:20:49
///////////////////////////////////

[EFX-0010 VERI-ERROR] EFX_DSP48 instance pe_10_10_inst/pe_gen[0].pe_inst/u_dsp W_REG must be enabled when N_SEL is "W". (VDB-9040) 
[EFX-0010 VERI-ERROR] Found 1 errors in the post-synthesis netlist. 

///////////////////////////////////
// Efinity Synthesis Started 
// Aug 12, 2026 02:34:13
///////////////////////////////////

[EFX-0010 VERI-ERROR] EFX_DSP48 instance pe_10_10_inst/pe_gen[0].pe_inst/u_dsp W_REG may not be enabled when W_SEL is P. (VDB-9043) 
[EFX-0010 VERI-ERROR] Found 1 errors in the post-synthesis netlist. 

///////////////////////////////////
// Efinity Synthesis Started 
// Aug 12, 2026 02:42:13
///////////////////////////////////


///////////////////////////////////
// Efinity Synthesis Started 
// Aug 12, 2026 02:49:51
///////////////////////////////////


///////////////////////////////////
// Efinity Synthesis Started 
// Aug 12, 2026 03:01:38
///////////////////////////////////


///////////////////////////////////
// Efinity Synthesis Started 
// Aug 12, 2026 03:06:29
///////////////////////////////////

[EFX-0010 VERI-ERROR] unexpected non-printable character with the hex value '0xef' (VERI-2607) (D:\my_code\fpga\yilisi\conv10_10\pe_10_10_conv_top.v:28)
[EFX-0010 VERI-ERROR] syntax error near '**' (VERI-1137) (D:\my_code\fpga\yilisi\conv10_10\pe_10_10_conv_top.v:28)
[EFX-0010 VERI-ERROR] syntax error near ';' (VERI-1137) (D:\my_code\fpga\yilisi\conv10_10\pe_10_10_conv_top.v:34)
[EFX-0010 VERI-ERROR] module 'pe_10_10_conv_top' is ignored due to previous errors (VERI-1072) (D:\my_code\fpga\yilisi\conv10_10\pe_10_10_conv_top.v:112)

///////////////////////////////////
// Efinity Synthesis Started 
// Aug 12, 2026 03:06:41
///////////////////////////////////

[EFX-0010 VERI-ERROR] unexpected non-printable character with the hex value '0xef' (VERI-2607) (D:\my_code\fpga\yilisi\conv10_10\pe_10_10_conv_top.v:28)
[EFX-0010 VERI-ERROR] syntax error near '**' (VERI-1137) (D:\my_code\fpga\yilisi\conv10_10\pe_10_10_conv_top.v:28)
[EFX-0010 VERI-ERROR] syntax error near ';' (VERI-1137) (D:\my_code\fpga\yilisi\conv10_10\pe_10_10_conv_top.v:34)
[EFX-0010 VERI-ERROR] module 'pe_10_10_conv_top' is ignored due to previous errors (VERI-1072) (D:\my_code\fpga\yilisi\conv10_10\pe_10_10_conv_top.v:112)

///////////////////////////////////
// Efinity Synthesis Started 
// Aug 12, 2026 03:07:17
///////////////////////////////////

[EFX-0010 VERI-ERROR] unexpected non-printable character with the hex value '0xef' (VERI-2607) (D:\my_code\fpga\yilisi\conv10_10\pe_10_10_conv_top.v:28)
[EFX-0010 VERI-ERROR] syntax error near '*' (VERI-1137) (D:\my_code\fpga\yilisi\conv10_10\pe_10_10_conv_top.v:28)
[EFX-0010 VERI-ERROR] syntax error near ';' (VERI-1137) (D:\my_code\fpga\yilisi\conv10_10\pe_10_10_conv_top.v:34)
[EFX-0010 VERI-ERROR] module 'pe_10_10_conv_top' is ignored due to previous errors (VERI-1072) (D:\my_code\fpga\yilisi\conv10_10\pe_10_10_conv_top.v:112)

///////////////////////////////////
// Efinity Synthesis Started 
// Aug 12, 2026 03:08:37
///////////////////////////////////


///////////////////////////////////
// Efinity Synthesis Started 
// Aug 12, 2026 03:11:34
///////////////////////////////////


///////////////////////////////////
// Efinity Synthesis Started 
// Aug 12, 2026 03:16:21
///////////////////////////////////


///////////////////////////////////
// Efinity Synthesis Started 
// Aug 12, 2026 03:17:58
///////////////////////////////////


///////////////////////////////////
// Efinity Synthesis Started 
// Aug 12, 2026 03:19:40
///////////////////////////////////


///////////////////////////////////
// Efinity Synthesis Started 
// Aug 12, 2026 03:26:55
///////////////////////////////////


///////////////////////////////////
// Efinity Synthesis Started 
// Aug 12, 2026 03:30:18
///////////////////////////////////


///////////////////////////////////
// Efinity Synthesis Started 
// Aug 25, 2026 22:42:27
///////////////////////////////////

