
---------- Module Resource Usage Distribution Estimates (begin) ----------

+--------------------------+------------+------+--------+----------+-----------------+-----------+------------------+-----------+------------------+----------+-----------------+---------+
|        inst_name         |    xlr     | mem  |  dsp   | xlr_lut4 | xlr_lut4_and_ff | xlr_comb4 | xlr_comb4_and_ff | xlr_adder | xlr_adder_and_ff | xlr_srl8 | xlr_srl8_and_ff | xlr_ff  |
+--------------------------+------------+------+--------+----------+-----------------+-----------+------------------+-----------+------------------+----------+-----------------+---------+
| +pe_10_10_conv_top       |  1966(5)   | 0(0) | 100(0) |  248(3)  |     606(1)      |   0(0)    |       0(0)       |   0(0)    |      31(0)       |   0(0)   |      0(0)       | 1081(1) |
|  +feature_map_12_12_inst |    2(2)    | 0(0) |  0(0)  |   1(1)   |      1(1)       |   0(0)    |       0(0)       |   0(0)    |       0(0)       |   0(0)   |      0(0)       |  0(0)   |
|  +generate_resetn_inst   |   44(44)   | 0(0) |  0(0)  |  11(11)  |      0(0)       |   0(0)    |       0(0)       |   0(0)    |      31(31)      |   0(0)   |      0(0)       |  2(2)   |
|  +pe_10_10_inst          |  1915(0)   | 0(0) | 100(0) |  233(0)  |     604(0)      |   0(0)    |       0(0)       |   0(0)    |       0(0)       |   0(0)   |      0(0)       | 1078(0) |
|   +pe_gen[0].pe_inst     |    8(8)    | 0(0) |  1(1)  |   1(1)   |      7(7)       |   0(0)    |       0(0)       |   0(0)    |       0(0)       |   0(0)   |      0(0)       |  0(0)   |
|   +pe_gen[10].pe_inst    |   25(25)   | 0(0) |  1(1)  |   3(3)   |      7(7)       |   0(0)    |       0(0)       |   0(0)    |       0(0)       |   0(0)   |      0(0)       | 15(15)  |
|   +pe_gen[11].pe_inst    |   24(24)   | 0(0) |  1(1)  |   3(3)   |      7(7)       |   0(0)    |       0(0)       |   0(0)    |       0(0)       |   0(0)   |      0(0)       | 14(14)  |
|   +pe_gen[12].pe_inst    |   25(25)   | 0(0) |  1(1)  |   4(4)   |      7(7)       |   0(0)    |       0(0)       |   0(0)    |       0(0)       |   0(0)   |      0(0)       | 14(14)  |
|   +pe_gen[13].pe_inst    |   22(22)   | 0(0) |  1(1)  |   1(1)   |      7(7)       |   0(0)    |       0(0)       |   0(0)    |       0(0)       |   0(0)   |      0(0)       | 14(14)  |
|   +pe_gen[14].pe_inst    |   23(23)   | 0(0) |  1(1)  |   2(2)   |      7(7)       |   0(0)    |       0(0)       |   0(0)    |       0(0)       |   0(0)   |      0(0)       | 14(14)  |
|   +pe_gen[15].pe_inst    |   23(23)   | 0(0) |  1(1)  |   2(2)   |      7(7)       |   0(0)    |       0(0)       |   0(0)    |       0(0)       |   0(0)   |      0(0)       | 14(14)  |
|   +pe_gen[16].pe_inst    |   24(24)   | 0(0) |  1(1)  |   3(3)   |      7(7)       |   0(0)    |       0(0)       |   0(0)    |       0(0)       |   0(0)   |      0(0)       | 14(14)  |
|   +pe_gen[17].pe_inst    |   23(23)   | 0(0) |  1(1)  |   2(2)   |      7(7)       |   0(0)    |       0(0)       |   0(0)    |       0(0)       |   0(0)   |      0(0)       | 14(14)  |
|   +pe_gen[18].pe_inst    |   20(20)   | 0(0) |  1(1)  |   2(2)   |      6(6)       |   0(0)    |       0(0)       |   0(0)    |       0(0)       |   0(0)   |      0(0)       | 12(12)  |
|   +pe_gen[19].pe_inst    | 15.5(15.5) | 0(0) |  1(1)  |   0(0)   |    5.5(5.5)     |   0(0)    |       0(0)       |   0(0)    |       0(0)       |   0(0)   |      0(0)       | 10(10)  |
|   +pe_gen[1].pe_inst     | 13.5(13.5) | 0(0) |  1(1)  |   1(1)   |    7.5(7.5)     |   0(0)    |       0(0)       |   0(0)    |       0(0)       |   0(0)   |      0(0)       |  5(5)   |
|   +pe_gen[20].pe_inst    |   24(24)   | 0(0) |  1(1)  |   3(3)   |      7(7)       |   0(0)    |       0(0)       |   0(0)    |       0(0)       |   0(0)   |      0(0)       | 14(14)  |
|   +pe_gen[21].pe_inst    |   24(24)   | 0(0) |  1(1)  |   3(3)   |      7(7)       |   0(0)    |       0(0)       |   0(0)    |       0(0)       |   0(0)   |      0(0)       | 14(14)  |
|   +pe_gen[22].pe_inst    |   25(25)   | 0(0) |  1(1)  |   4(4)   |      7(7)       |   0(0)    |       0(0)       |   0(0)    |       0(0)       |   0(0)   |      0(0)       | 14(14)  |
|   +pe_gen[23].pe_inst    |   24(24)   | 0(0) |  1(1)  |   3(3)   |      7(7)       |   0(0)    |       0(0)       |   0(0)    |       0(0)       |   0(0)   |      0(0)       | 14(14)  |
|   +pe_gen[24].pe_inst    |   25(25)   | 0(0) |  1(1)  |   4(4)   |      7(7)       |   0(0)    |       0(0)       |   0(0)    |       0(0)       |   0(0)   |      0(0)       | 14(14)  |
|   +pe_gen[25].pe_inst    |   25(25)   | 0(0) |  1(1)  |   4(4)   |      7(7)       |   0(0)    |       0(0)       |   0(0)    |       0(0)       |   0(0)   |      0(0)       | 14(14)  |
|   +pe_gen[26].pe_inst    |   27(27)   | 0(0) |  1(1)  |   6(6)   |      7(7)       |   0(0)    |       0(0)       |   0(0)    |       0(0)       |   0(0)   |      0(0)       | 14(14)  |
|   +pe_gen[27].pe_inst    |   22(22)   | 0(0) |  1(1)  |   1(1)   |      7(7)       |   0(0)    |       0(0)       |   0(0)    |       0(0)       |   0(0)   |      0(0)       | 14(14)  |
|   +pe_gen[28].pe_inst    |   19(19)   | 0(0) |  1(1)  |   1(1)   |      6(6)       |   0(0)    |       0(0)       |   0(0)    |       0(0)       |   0(0)   |      0(0)       | 12(12)  |
|   +pe_gen[29].pe_inst    | 14.5(14.5) | 0(0) |  1(1)  |   0(0)   |    4.5(4.5)     |   0(0)    |       0(0)       |   0(0)    |       0(0)       |   0(0)   |      0(0)       | 10(10)  |
|   +pe_gen[2].pe_inst     |    9(9)    | 0(0) |  1(1)  |   2(2)   |      7(7)       |   0(0)    |       0(0)       |   0(0)    |       0(0)       |   0(0)   |      0(0)       |  0(0)   |
|   +pe_gen[30].pe_inst    |   24(24)   | 0(0) |  1(1)  |   3(3)   |      7(7)       |   0(0)    |       0(0)       |   0(0)    |       0(0)       |   0(0)   |      0(0)       | 14(14)  |
|   +pe_gen[31].pe_inst    |   24(24)   | 0(0) |  1(1)  |   3(3)   |      7(7)       |   0(0)    |       0(0)       |   0(0)    |       0(0)       |   0(0)   |      0(0)       | 14(14)  |
|   +pe_gen[32].pe_inst    |   25(25)   | 0(0) |  1(1)  |   4(4)   |      7(7)       |   0(0)    |       0(0)       |   0(0)    |       0(0)       |   0(0)   |      0(0)       | 14(14)  |
|   +pe_gen[33].pe_inst    |   23(23)   | 0(0) |  1(1)  |   2(2)   |      7(7)       |   0(0)    |       0(0)       |   0(0)    |       0(0)       |   0(0)   |      0(0)       | 14(14)  |
|   +pe_gen[34].pe_inst    |   24(24)   | 0(0) |  1(1)  |   3(3)   |      7(7)       |   0(0)    |       0(0)       |   0(0)    |       0(0)       |   0(0)   |      0(0)       | 14(14)  |
|   +pe_gen[35].pe_inst    |   24(24)   | 0(0) |  1(1)  |   3(3)   |      7(7)       |   0(0)    |       0(0)       |   0(0)    |       0(0)       |   0(0)   |      0(0)       | 14(14)  |
|   +pe_gen[36].pe_inst    |   25(25)   | 0(0) |  1(1)  |   4(4)   |      7(7)       |   0(0)    |       0(0)       |   0(0)    |       0(0)       |   0(0)   |      0(0)       | 14(14)  |
|   +pe_gen[37].pe_inst    |   24(24)   | 0(0) |  1(1)  |   3(3)   |      7(7)       |   0(0)    |       0(0)       |   0(0)    |       0(0)       |   0(0)   |      0(0)       | 14(14)  |
|   +pe_gen[38].pe_inst    |   21(21)   | 0(0) |  1(1)  |   3(3)   |      6(6)       |   0(0)    |       0(0)       |   0(0)    |       0(0)       |   0(0)   |      0(0)       | 12(12)  |
|   +pe_gen[39].pe_inst    |   16(16)   | 0(0) |  1(1)  |   0(0)   |      6(6)       |   0(0)    |       0(0)       |   0(0)    |       0(0)       |   0(0)   |      0(0)       | 10(10)  |
|   +pe_gen[3].pe_inst     |    8(8)    | 0(0) |  1(1)  |   1(1)   |      7(7)       |   0(0)    |       0(0)       |   0(0)    |       0(0)       |   0(0)   |      0(0)       |  0(0)   |
|   +pe_gen[40].pe_inst    |   24(24)   | 0(0) |  1(1)  |   3(3)   |      7(7)       |   0(0)    |       0(0)       |   0(0)    |       0(0)       |   0(0)   |      0(0)       | 14(14)  |
|   +pe_gen[41].pe_inst    |   24(24)   | 0(0) |  1(1)  |   3(3)   |      7(7)       |   0(0)    |       0(0)       |   0(0)    |       0(0)       |   0(0)   |      0(0)       | 14(14)  |
|   +pe_gen[42].pe_inst    |   25(25)   | 0(0) |  1(1)  |   4(4)   |      7(7)       |   0(0)    |       0(0)       |   0(0)    |       0(0)       |   0(0)   |      0(0)       | 14(14)  |
|   +pe_gen[43].pe_inst    |   24(24)   | 0(0) |  1(1)  |   3(3)   |      7(7)       |   0(0)    |       0(0)       |   0(0)    |       0(0)       |   0(0)   |      0(0)       | 14(14)  |
|   +pe_gen[44].pe_inst    |   25(25)   | 0(0) |  1(1)  |   4(4)   |      7(7)       |   0(0)    |       0(0)       |   0(0)    |       0(0)       |   0(0)   |      0(0)       | 14(14)  |
|   +pe_gen[45].pe_inst    |   25(25)   | 0(0) |  1(1)  |   4(4)   |      7(7)       |   0(0)    |       0(0)       |   0(0)    |       0(0)       |   0(0)   |      0(0)       | 14(14)  |
|   +pe_gen[46].pe_inst    |   26(26)   | 0(0) |  1(1)  |   5(5)   |      7(7)       |   0(0)    |       0(0)       |   0(0)    |       0(0)       |   0(0)   |      0(0)       | 14(14)  |
|   +pe_gen[47].pe_inst    |   24(24)   | 0(0) |  1(1)  |   3(3)   |      7(7)       |   0(0)    |       0(0)       |   0(0)    |       0(0)       |   0(0)   |      0(0)       | 14(14)  |
|   +pe_gen[48].pe_inst    |   21(21)   | 0(0) |  1(1)  |   3(3)   |      6(6)       |   0(0)    |       0(0)       |   0(0)    |       0(0)       |   0(0)   |      0(0)       | 12(12)  |
|   +pe_gen[49].pe_inst    |   15(15)   | 0(0) |  1(1)  |   0(0)   |      5(5)       |   0(0)    |       0(0)       |   0(0)    |       0(0)       |   0(0)   |      0(0)       | 10(10)  |
|   +pe_gen[4].pe_inst     |    9(9)    | 0(0) |  1(1)  |   2(2)   |      7(7)       |   0(0)    |       0(0)       |   0(0)    |       0(0)       |   0(0)   |      0(0)       |  0(0)   |
|   +pe_gen[50].pe_inst    |   26(26)   | 0(0) |  1(1)  |   5(5)   |      7(7)       |   0(0)    |       0(0)       |   0(0)    |       0(0)       |   0(0)   |      0(0)       | 14(14)  |
|   +pe_gen[51].pe_inst    |   26(26)   | 0(0) |  1(1)  |   5(5)   |      7(7)       |   0(0)    |       0(0)       |   0(0)    |       0(0)       |   0(0)   |      0(0)       | 14(14)  |
|   +pe_gen[52].pe_inst    |   27(27)   | 0(0) |  1(1)  |   6(6)   |      7(7)       |   0(0)    |       0(0)       |   0(0)    |       0(0)       |   0(0)   |      0(0)       | 14(14)  |
|   +pe_gen[53].pe_inst    |   22(22)   | 0(0) |  1(1)  |   1(1)   |      7(7)       |   0(0)    |       0(0)       |   0(0)    |       0(0)       |   0(0)   |      0(0)       | 14(14)  |
|   +pe_gen[54].pe_inst    |   23(23)   | 0(0) |  1(1)  |   2(2)   |      7(7)       |   0(0)    |       0(0)       |   0(0)    |       0(0)       |   0(0)   |      0(0)       | 14(14)  |
|   +pe_gen[55].pe_inst    |   23(23)   | 0(0) |  1(1)  |   2(2)   |      7(7)       |   0(0)    |       0(0)       |   0(0)    |       0(0)       |   0(0)   |      0(0)       | 14(14)  |
|   +pe_gen[56].pe_inst    |   24(24)   | 0(0) |  1(1)  |   3(3)   |      7(7)       |   0(0)    |       0(0)       |   0(0)    |       0(0)       |   0(0)   |      0(0)       | 14(14)  |
|   +pe_gen[57].pe_inst    |   23(23)   | 0(0) |  1(1)  |   2(2)   |      7(7)       |   0(0)    |       0(0)       |   0(0)    |       0(0)       |   0(0)   |      0(0)       | 14(14)  |
|   +pe_gen[58].pe_inst    |   20(20)   | 0(0) |  1(1)  |   2(2)   |      6(6)       |   0(0)    |       0(0)       |   0(0)    |       0(0)       |   0(0)   |      0(0)       | 12(12)  |
|   +pe_gen[59].pe_inst    | 11.5(11.5) | 0(0) |  1(1)  |   0(0)   |    3.5(3.5)     |   0(0)    |       0(0)       |   0(0)    |       0(0)       |   0(0)   |      0(0)       |  8(8)   |
|   +pe_gen[5].pe_inst     |    9(9)    | 0(0) |  1(1)  |   2(2)   |      7(7)       |   0(0)    |       0(0)       |   0(0)    |       0(0)       |   0(0)   |      0(0)       |  0(0)   |
|   +pe_gen[60].pe_inst    |   24(24)   | 0(0) |  1(1)  |   3(3)   |      7(7)       |   0(0)    |       0(0)       |   0(0)    |       0(0)       |   0(0)   |      0(0)       | 14(14)  |
|   +pe_gen[61].pe_inst    |   24(24)   | 0(0) |  1(1)  |   3(3)   |      7(7)       |   0(0)    |       0(0)       |   0(0)    |       0(0)       |   0(0)   |      0(0)       | 14(14)  |
|   +pe_gen[62].pe_inst    |   25(25)   | 0(0) |  1(1)  |   4(4)   |      7(7)       |   0(0)    |       0(0)       |   0(0)    |       0(0)       |   0(0)   |      0(0)       | 14(14)  |
|   +pe_gen[63].pe_inst    |   24(24)   | 0(0) |  1(1)  |   3(3)   |      7(7)       |   0(0)    |       0(0)       |   0(0)    |       0(0)       |   0(0)   |      0(0)       | 14(14)  |
|   +pe_gen[64].pe_inst    |   25(25)   | 0(0) |  1(1)  |   4(4)   |      7(7)       |   0(0)    |       0(0)       |   0(0)    |       0(0)       |   0(0)   |      0(0)       | 14(14)  |
|   +pe_gen[65].pe_inst    |   25(25)   | 0(0) |  1(1)  |   4(4)   |      7(7)       |   0(0)    |       0(0)       |   0(0)    |       0(0)       |   0(0)   |      0(0)       | 14(14)  |
|   +pe_gen[66].pe_inst    |   26(26)   | 0(0) |  1(1)  |   5(5)   |      7(7)       |   0(0)    |       0(0)       |   0(0)    |       0(0)       |   0(0)   |      0(0)       | 14(14)  |
|   +pe_gen[67].pe_inst    |   20(20)   | 0(0) |  1(1)  |   2(2)   |      6(6)       |   0(0)    |       0(0)       |   0(0)    |       0(0)       |   0(0)   |      0(0)       | 12(12)  |
|   +pe_gen[68].pe_inst    |   17(17)   | 0(0) |  1(1)  |   2(2)   |      5(5)       |   0(0)    |       0(0)       |   0(0)    |       0(0)       |   0(0)   |      0(0)       | 10(10)  |
|   +pe_gen[69].pe_inst    |  9.5(9.5)  | 0(0) |  1(1)  |   0(0)   |    3.5(3.5)     |   0(0)    |       0(0)       |   0(0)    |       0(0)       |   0(0)   |      0(0)       |  6(6)   |
|   +pe_gen[6].pe_inst     |   10(10)   | 0(0) |  1(1)  |   3(3)   |      7(7)       |   0(0)    |       0(0)       |   0(0)    |       0(0)       |   0(0)   |      0(0)       |  0(0)   |
|   +pe_gen[70].pe_inst    |   25(25)   | 0(0) |  1(1)  |   4(4)   |      7(7)       |   0(0)    |       0(0)       |   0(0)    |       0(0)       |   0(0)   |      0(0)       | 14(14)  |
|   +pe_gen[71].pe_inst    |   25(25)   | 0(0) |  1(1)  |   4(4)   |      7(7)       |   0(0)    |       0(0)       |   0(0)    |       0(0)       |   0(0)   |      0(0)       | 14(14)  |
|   +pe_gen[72].pe_inst    |   26(26)   | 0(0) |  1(1)  |   5(5)   |      7(7)       |   0(0)    |       0(0)       |   0(0)    |       0(0)       |   0(0)   |      0(0)       | 14(14)  |
|   +pe_gen[73].pe_inst    |   24(24)   | 0(0) |  1(1)  |   3(3)   |      7(7)       |   0(0)    |       0(0)       |   0(0)    |       0(0)       |   0(0)   |      0(0)       | 14(14)  |
|   +pe_gen[74].pe_inst    |   25(25)   | 0(0) |  1(1)  |   4(4)   |      7(7)       |   0(0)    |       0(0)       |   0(0)    |       0(0)       |   0(0)   |      0(0)       | 14(14)  |
|   +pe_gen[75].pe_inst    |   25(25)   | 0(0) |  1(1)  |   4(4)   |      7(7)       |   0(0)    |       0(0)       |   0(0)    |       0(0)       |   0(0)   |      0(0)       | 14(14)  |
|   +pe_gen[76].pe_inst    |   26(26)   | 0(0) |  1(1)  |   5(5)   |      7(7)       |   0(0)    |       0(0)       |   0(0)    |       0(0)       |   0(0)   |      0(0)       | 14(14)  |
|   +pe_gen[77].pe_inst    |   18(18)   | 0(0) |  1(1)  |   3(3)   |      5(5)       |   0(0)    |       0(0)       |   0(0)    |       0(0)       |   0(0)   |      0(0)       | 10(10)  |
|   +pe_gen[78].pe_inst    |   15(15)   | 0(0) |  1(1)  |   3(3)   |      4(4)       |   0(0)    |       0(0)       |   0(0)    |       0(0)       |   0(0)   |      0(0)       |  8(8)   |
|   +pe_gen[79].pe_inst    |    7(7)    | 0(0) |  1(1)  |   0(0)   |      3(3)       |   0(0)    |       0(0)       |   0(0)    |       0(0)       |   0(0)   |      0(0)       |  4(4)   |
|   +pe_gen[7].pe_inst     |    8(8)    | 0(0) |  1(1)  |   1(1)   |      7(7)       |   0(0)    |       0(0)       |   0(0)    |       0(0)       |   0(0)   |      0(0)       |  0(0)   |
|   +pe_gen[80].pe_inst    |   20(20)   | 0(0) |  1(1)  |   2(2)   |      6(6)       |   0(0)    |       0(0)       |   0(0)    |       0(0)       |   0(0)   |      0(0)       | 12(12)  |
|   +pe_gen[81].pe_inst    |   20(20)   | 0(0) |  1(1)  |   2(2)   |      6(6)       |   0(0)    |       0(0)       |   0(0)    |       0(0)       |   0(0)   |      0(0)       | 12(12)  |
|   +pe_gen[82].pe_inst    |   21(21)   | 0(0) |  1(1)  |   3(3)   |      6(6)       |   0(0)    |       0(0)       |   0(0)    |       0(0)       |   0(0)   |      0(0)       | 12(12)  |
|   +pe_gen[83].pe_inst    | 18.5(18.5) | 0(0) |  1(1)  |   1(1)   |    5.5(5.5)     |   0(0)    |       0(0)       |   0(0)    |       0(0)       |   0(0)   |      0(0)       | 12(12)  |
|   +pe_gen[84].pe_inst    |   20(20)   | 0(0) |  1(1)  |   2(2)   |      6(6)       |   0(0)    |       0(0)       |   0(0)    |       0(0)       |   0(0)   |      0(0)       | 12(12)  |
|   +pe_gen[85].pe_inst    |   20(20)   | 0(0) |  1(1)  |   2(2)   |      6(6)       |   0(0)    |       0(0)       |   0(0)    |       0(0)       |   0(0)   |      0(0)       | 12(12)  |
|   +pe_gen[86].pe_inst    |   21(21)   | 0(0) |  1(1)  |   3(3)   |      6(6)       |   0(0)    |       0(0)       |   0(0)    |       0(0)       |   0(0)   |      0(0)       | 12(12)  |
|   +pe_gen[87].pe_inst    | 12.5(12.5) | 0(0) |  1(1)  |   0(0)   |    4.5(4.5)     |   0(0)    |       0(0)       |   0(0)    |       0(0)       |   0(0)   |      0(0)       |  8(8)   |
|   +pe_gen[88].pe_inst    |    6(6)    | 0(0) |  1(1)  |   0(0)   |      2(2)       |   0(0)    |       0(0)       |   0(0)    |       0(0)       |   0(0)   |      0(0)       |  4(4)   |
|   +pe_gen[89].pe_inst    |  5.5(5.5)  | 0(0) |  1(1)  |   0(0)   |    1.5(1.5)     |   0(0)    |       0(0)       |   0(0)    |       0(0)       |   0(0)   |      0(0)       |  4(4)   |
|   +pe_gen[8].pe_inst     |    7(7)    | 0(0) |  1(1)  |   1(1)   |      6(6)       |   0(0)    |       0(0)       |   0(0)    |       0(0)       |   0(0)   |      0(0)       |  0(0)   |
|   +pe_gen[90].pe_inst    |   14(14)   | 0(0) |  1(1)  |   0(0)   |      4(4)       |   0(0)    |       0(0)       |   0(0)    |       0(0)       |   0(0)   |      0(0)       | 10(10)  |
|   +pe_gen[91].pe_inst    |   15(15)   | 0(0) |  1(1)  |   0(0)   |      5(5)       |   0(0)    |       0(0)       |   0(0)    |       0(0)       |   0(0)   |      0(0)       | 10(10)  |
|   +pe_gen[92].pe_inst    | 15.5(15.5) | 0(0) |  1(1)  |   0(0)   |    5.5(5.5)     |   0(0)    |       0(0)       |   0(0)    |       0(0)       |   0(0)   |      0(0)       | 10(10)  |
|   +pe_gen[93].pe_inst    |  8.5(8.5)  | 0(0) |  1(1)  |   0(0)   |    2.5(2.5)     |   0(0)    |       0(0)       |   0(0)    |       0(0)       |   0(0)   |      0(0)       |  6(6)   |
|   +pe_gen[94].pe_inst    |  9.5(9.5)  | 0(0) |  1(1)  |   0(0)   |    3.5(3.5)     |   0(0)    |       0(0)       |   0(0)    |       0(0)       |   0(0)   |      0(0)       |  6(6)   |
|   +pe_gen[95].pe_inst    |    9(9)    | 0(0) |  1(1)  |   0(0)   |      3(3)       |   0(0)    |       0(0)       |   0(0)    |       0(0)       |   0(0)   |      0(0)       |  6(6)   |
|   +pe_gen[96].pe_inst    |  9.5(9.5)  | 0(0) |  1(1)  |   0(0)   |    3.5(3.5)     |   0(0)    |       0(0)       |   0(0)    |       0(0)       |   0(0)   |      0(0)       |  6(6)   |
|   +pe_gen[97].pe_inst    |    5(5)    | 0(0) |  1(1)  |   0(0)   |      1(1)       |   0(0)    |       0(0)       |   0(0)    |       0(0)       |   0(0)   |      0(0)       |  4(4)   |
|   +pe_gen[98].pe_inst    |    1(1)    | 0(0) |  1(1)  |   0(0)   |      1(1)       |   0(0)    |       0(0)       |   0(0)    |       0(0)       |   0(0)   |      0(0)       |  0(0)   |
|   +pe_gen[99].pe_inst    |    1(1)    | 0(0) |  1(1)  |   0(0)   |      1(1)       |   0(0)    |       0(0)       |   0(0)    |       0(0)       |   0(0)   |      0(0)       |  0(0)   |
|   +pe_gen[9].pe_inst     |    3(3)    | 0(0) |  1(1)  |   0(0)   |      3(3)       |   0(0)    |       0(0)       |   0(0)    |       0(0)       |   0(0)   |      0(0)       |  0(0)   |
+--------------------------+------------+------+--------+----------+-----------------+-----------+------------------+-----------+------------------+----------+-----------------+---------+

----------- Module Resource Usage Distribution Estimates (end) ----------

