
Efinity Interface Designer Report
Version: 2026.1.132
Date: 2026-08-25 22:42

Copyright (C) 2013 - 2026 Efinix Inc. All rights reserved.

Device: Ti60F225
Project: conv10_10

Package: 225-ball FBGA (final)
Timing Model: I3 (final)
Configuration Mode: active (x1)

---------- Table of Contents (begin) ----------
   1. Periphery Usage Summary
   2. Generated Output Files
   3. I/O Banks Summary
   4. Global Connection Summary
   5. Clock Region Usage Summary
   6. Dual-Function Configuration Pin Usage
   7. GPIO Usage Summary
   8. PLL Usage Summary
   9. Oscillator Usage Summary
   10. Clock Mux Usage Summary
   11. Configuration Control Usage Summary
   12. Configuration SEU Detection Usage Summary
   13. JTAG Usage Summary
   14. LVDS Rx Usage Summary
   15. LVDS Tx Usage Summary
   16. Bidirectional LVDS Usage Summary
   17. MIPI RX Lane Usage Summary
   18. MIPI TX Lane Usage Summary
---------- Table of Contents (end) ------------

---------- 1. Periphery Usage Summary (begin) ----------
clkmux: 4 / 4 (100.0%)
control: 0 / 1 (0.0%)
gpio: 2 / 23 (8.7%)
hsio: 0 / 70 (0.0%)
hsio_bg: 0 / 8 (0.0%)
hvio_poc: 0 / 4 (0.0%)
jtag: 0 / 4 (0.0%)
osc: 0 / 1 (0.0%)
pll: 1 / 4 (25.0%)
seu: 0 / 1 (0.0%)
---------- Periphery Usage Summary (end) ----------

---------- 2. Generated Output Files (begin) ----------
Interface Configuration: conv10_10.interface.csv
Peripheral Block Configuration: conv10_10.lpf
Pinout Report: conv10_10.pinout.rpt
Pinout CSV: conv10_10.pinout.csv
Timing Report: conv10_10.pt_timing.rpt
Timing SDC Template: conv10_10.pt.sdc
Verilog Template: conv10_10_template.v
Option Register File: conv10_10_or.ini
---------- Generated Output Files (end) ----------

---------- 3. I/O Banks Summary (begin) ----------

+----------+-------------+
| I/O Bank | I/O Voltage |
+----------+-------------+
|    1A    |    1.8 V    |
|    1B    |    1.8 V    |
|    2A    |    1.8 V    |
|    2B    |    1.8 V    |
|    3A    |    1.8 V    |
|    3B    |    1.8 V    |
|    4A    |    1.8 V    |
|    4B    |    1.8 V    |
|    BL    |    3.3 V    |
|    BR    |    3.3 V    |
|    TL    |    3.3 V    |
|    TR    |    3.3 V    |
+----------+-------------+

---------- I/O Banks Summary (end) ----------

---------- 4. Global Connection Summary (begin) ----------

+-------------------+-----------------+------+
|      Pin Name     |     Resource    | Type |
+-------------------+-----------------+------+
| pll_inst1_CLKOUT0 | PLL_TL0.CLKOUT0 | GCLK |
| pll_inst1_CLKOUT1 | PLL_TL0.CLKOUT1 | GCLK |
| pll_inst1_CLKOUT2 | PLL_TL0.CLKOUT2 | GCLK |
+-------------------+-----------------+------+

---------- Global Connection Summary (end) ----------

---------- 5. Clock Region Usage Summary (begin) ----------

+--------------+----------------+
| Clock Region | Used/Available |
+--------------+----------------+
|      B0      |      0/14      |
|      B1      |      0/14      |
|      L0      |      0/4       |
|      L1      |      0/4       |
|      L2      |      0/4       |
|      L3      |      0/4       |
|      L4      |      0/4       |
|      L5      |      0/4       |
|      L6      |      0/4       |
|      L7      |      0/4       |
|      R0      |      0/4       |
|      R1      |      0/4       |
|      R2      |      0/4       |
|      R3      |      0/4       |
|      R4      |      0/4       |
|      R5      |      0/4       |
|      R6      |      0/4       |
|      R7      |      0/4       |
|      T0      |      0/14      |
|      T1      |      0/14      |
+--------------+----------------+

---------- Clock Region Usage Summary (end) ----------

---------- 6. Dual-Function Configuration Pin Usage (begin) ----------

No instance using dual-function configuration pin.

---------- Dual-Function Configuration Pin Usage (end) ----------

---------- 7. GPIO Usage Summary (begin) ----------

Global Unused Setting: input with weak pullup

+---------------+----------+--------+----------+--------------+----------+--------------+-----------------+-------------+
| Instance Name | Resource |  Mode  | Register | Clock Region | I/O Bank | I/O Standard |     Pad Name    | Package Pin |
+---------------+----------+--------+----------+--------------+----------+--------------+-----------------+-------------+
|      led      | GPIOR_25 | output |          |              |    BR    | 3.3 V LVCMOS |     GPIOR_25    |     P15     |
| sys_clk_24mhz | GPIOL_11 | input  |          |              |    TL    | 3.3 V LVCMOS | GPIOL_11_PLLIN2 |      C5     |
+---------------+----------+--------+----------+--------------+----------+--------------+-----------------+-------------+


Input GPIO Configuration:
=========================

+---------------+-----------+---------------------+-----------------+------+-----------------+--------------+---------------------+-----------------+----------+------------+-------+
| Instance Name | Input Pin | Alternate Input Pin | Input Clock Pin | DDIO | Deserialization | Pull Up/Down | Dynamic Pull Up Pin | Schmitt Trigger | Bus Hold | Delay Mode | Delay |
+---------------+-----------+---------------------+-----------------+------+-----------------+--------------+---------------------+-----------------+----------+------------+-------+
| sys_clk_24mhz |           |    sys_clk_24mhz    |                 |      |     Disable     |     none     |                     |     Disable     | Disable  |  Disable   |   0   |
+---------------+-----------+---------------------+-----------------+------+-----------------+--------------+---------------------+-----------------+----------+------------+-------+

Output GPIO Configuration:
==========================

+---------------+------------+------------------+------+---------------+----------------+-----------+-------+
| Instance Name | Output Pin | Output Clock Pin | DDIO | Serialization | Drive Strength | Slew Rate | Delay |
+---------------+------------+------------------+------+---------------+----------------+-----------+-------+
|      led      |    led     |                  |      |    Disable    |       4        |  Disable  |   0   |
+---------------+------------+------------------+------+---------------+----------------+-----------+-------+

---------- GPIO Usage Summary (end) ----------

---------- 8. PLL Usage Summary (begin) ----------

+---------------+----------+--------------+--------------+-----------------+---------------+-------------------+-------------------+-------------------+-------------------+---------+---------+
| Instance Name | Resource | Clock Region | Clock Source | Reference Clock | Feedback Mode |   Feedback Clock  |      Clkout0      |      Clkout1      |      Clkout2      | Clkout3 | Clkout4 |
+---------------+----------+--------------+--------------+-----------------+---------------+-------------------+-------------------+-------------------+-------------------+---------+---------+
|   pll_inst1   | PLL_TL0  |              |   external   |  sys_clk_24mhz  |     local     | pll_inst1_CLKOUT0 | pll_inst1_CLKOUT0 | pll_inst1_CLKOUT1 | pll_inst1_CLKOUT2 |         |         |
+---------------+----------+--------------+--------------+-----------------+---------------+-------------------+-------------------+-------------------+-------------------+---------+---------+

Instance Name                 : pll_inst1
Resource                      : PLL_TL0
Locked Pin Name               : pll_inst1_LOCKED
Clock Source                  : external
Reference Clock Resource      : GPIOL_11
Reference Clock               : sys_clk_24mhz
Feedback Mode                 : local
Feedback Clock                : pll_inst1_CLKOUT0

Reference Clock Frequency     : 24.0000 MHz
Reference Clock Period        : 41.6667 ns
Multiplier (M)                : 4
Pre-Divider (N)               : 1
VCO Frequency                 : 4608.0000 MHz
Post-Divider (O)              : 4
PLL Frequency                 : 1152.0000 MHz

Output Clock 0
Clock Pin Name                : pll_inst1_CLKOUT0
Output Divider                : 12
Dynamic Phase Shift           : Disable
Phase Setting                 : 0
Phase Degree                  : 0.0000
Invert Output                 : false
Output Frequency              : 96.0000 MHz
Output Period                 : 10.417 ns

Output Clock 1
Clock Pin Name                : pll_inst1_CLKOUT1
Output Divider                : 6
Dynamic Phase Shift           : Disable
Phase Setting                 : 0
Phase Degree                  : 0.0000
Invert Output                 : false
Output Frequency              : 192.0000 MHz
Output Period                 : 5.208 ns

Output Clock 2
Clock Pin Name                : pll_inst1_CLKOUT2
Output Divider                : 125
Dynamic Phase Shift           : Disable
Phase Setting                 : 0
Phase Degree                  : 0.0000
Invert Output                 : false
Output Frequency              : 9.2160 MHz
Output Period                 : 108.507 ns

Frequency calculations:
	VCO = REFCLK * ((M * FBK) /N)
	    = 24.0000 MHz * ((4*48) /1)
	    = 4608.0000 MHz
	PLL = VCO / O
	    = 4608.0000 MHz / 4
	    = 1152.0000 MHz

	CLKOUT0 = PLL / CLKOUT0_DIV
	        = 1152.0000 MHz / 12
	        = 96.0000 MHz
	CLKOUT1 = PLL / CLKOUT1_DIV
	        = 1152.0000 MHz / 6
	        = 192.0000 MHz
	CLKOUT2 = PLL / CLKOUT2_DIV
	        = 1152.0000 MHz / 125
	        = 9.2160 MHz

SDC Constraints:
	create_clock -period 10.417 -name pll_inst1_CLKOUT0 [get_ports {pll_inst1_CLKOUT0}]
	create_clock -period 5.208 -name pll_inst1_CLKOUT1 [get_ports {pll_inst1_CLKOUT1}]
	create_clock -period 108.507 -name pll_inst1_CLKOUT2 [get_ports {pll_inst1_CLKOUT2}]

---------- PLL Usage Summary (end) ----------

---------- 9. Oscillator Usage Summary (begin) ----------

No Oscillator was configured

---------- Oscillator Usage Summary (end) ----------

---------- 10. Clock Mux Usage Summary (begin) ----------

+----------+-----------------+
| Resource | Output Assigned |
+----------+-----------------+
| CLKMUX_B |        0        |
| CLKMUX_L |        3        |
| CLKMUX_R |        0        |
| CLKMUX_T |        0        |
+----------+-----------------+

***** CLOCKMUX 0 *****

Resource: CLKMUX_B

Dynamic Muxes
Dynamic Mux 0                       : Disable
Dynamic Mux 7                       : Disable

***** CLOCKMUX 1 *****

Resource: CLKMUX_L

Clock mux assignment:

+-------------------+---------+--------------+-----------------+--------+
|       Input       | Mux Pin | Top Mux: Sel | Bottom Mux: Sel | Output |
+-------------------+---------+--------------+-----------------+--------+
| pll_inst1_CLKOUT1 | PLL1[1] |              |     BOT_1: 2    | OUT[1] |
| pll_inst1_CLKOUT0 | PLL1[0] |              |     BOT_4: 2    | OUT[4] |
| pll_inst1_CLKOUT2 | PLL1[2] |              |     BOT_5: 2    | OUT[5] |
+-------------------+---------+--------------+-----------------+--------+

Dynamic Muxes
Dynamic Mux 0                       : Disable
Dynamic Mux 7                       : Disable

***** CLOCKMUX 2 *****

Resource: CLKMUX_R

Dynamic Muxes
Dynamic Mux 0                       : Disable
Dynamic Mux 7                       : Disable

***** CLOCKMUX 3 *****

Resource: CLKMUX_T

Dynamic Muxes
Dynamic Mux 0                       : Disable
Dynamic Mux 7                       : Disable

---------- Clock Mux Usage Summary (end) ----------

---------- 11. Configuration Control Usage Summary (begin) ----------

No Configuration Control was configured

---------- Configuration Control Usage Summary (end) ----------

---------- 12. Configuration SEU Detection Usage Summary (begin) ----------

No Configuration SEU Detection was configured

---------- Configuration SEU Detection Usage Summary (end) ----------

---------- 13. JTAG Usage Summary (begin) ----------

No JTAG was configured

---------- JTAG Usage Summary (end) ----------

---------- 14. LVDS Rx Usage Summary (begin) ----------

No LVDS Rx was configured

---------- LVDS Rx Usage Summary (end) ----------

---------- 15. LVDS Tx Usage Summary (begin) ----------

No LVDS Tx was configured

---------- LVDS Tx Usage Summary (end) ----------

---------- 16. Bidirectional LVDS Usage Summary (begin) ----------

No Bidirectional LVDS was configured

---------- Bidirectional LVDS Usage Summary (end) ----------

---------- 17. MIPI RX Lane Usage Summary (begin) ----------

No MIPI RX Lane was configured

---------- MIPI RX Lane Usage Summary (end) ----------

---------- 18. MIPI TX Lane Usage Summary (begin) ----------

No MIPI TX Lane was configured

---------- MIPI TX Lane Usage Summary (end) ----------
