
Efinix Static Timing Analysis Report (Preliminary)
Version: 2026.1.132
Date: Tue Aug 25 22:42:40 2026

Copyright (C) 2013 - 2026 Efinix, Inc. All rights reserved.

Top-level Entity Name: conv10_10

SDC Filename: D:/my_code/fpga/yilisi/conv10_10/pe_10_10_conv.sdc.sdc

Timing Model: I3
	process : typical
	temperature : -40C to 100C
	voltage : 0.95 +/-30mV
	speedgrade : 3
	technology : t16ff
	status : final

---------- Table of Contents (begin) ----------
   1. Clock Frequency Summary
   2. Clock Relationship Summary
   3. Path Details for Max Critical Paths
   4. Path Details for Min Critical Paths
---------- Table of Contents (end) ------------

---------- 1. Clock Frequency Summary (begin) ----------

User target constrained clocks
   Clock Name     Period (ns)  Frequency (MHz)   Waveform          Targets
pll_inst1_CLKOUT1    2.000         500.000     {0.000 1.000} {pll_inst1_CLKOUT1}

Maximum possible analyzed clocks frequency
   Clock Name     Period (ns)  Frequency (MHz)     Edge
pll_inst1_CLKOUT1    1.623        616.143         (R-R)

Geomean max period: 1.623

---------- Clock Frequency Summary (end) ---------------

---------- 2. Clock Relationship Summary (begin) ----------

Setup (Max) Clock Relationship
  Launch Clock      Capture Clock   Constraint (ns)     Slack (ns)          Edge
pll_inst1_CLKOUT1 pll_inst1_CLKOUT1      2.000            0.377            (R-R)

Hold (Min) Clock Relationship
  Launch Clock      Capture Clock   Constraint (ns)     Slack (ns)          Edge
pll_inst1_CLKOUT1 pll_inst1_CLKOUT1      0.000            0.180            (R-R)

NOTE: Values are in nanoseconds.

---------- Clock Relationship Summary (end) ---------------

---------- 3. Path Details for Max Critical Paths (begin) ----------

################################################################################
Path Detail Report (pll_inst1_CLKOUT1 vs pll_inst1_CLKOUT1)
################################################################################


++++ Path 1 ++++++++++++++++++++++++++++++++++++++++++++++++++++++++++++++++++++

Path Begin    : pe_10_10_inst/pe_gen[10].pe_inst/input_reg_b[0]~FF|CLK
Path End      : pe_10_10_inst/pe_gen[99].pe_inst/u_dsp|B[0]           
Launch Clock  : pll_inst1_CLKOUT1 (RISE)                              
Capture Clock : pll_inst1_CLKOUT1 (RISE)                              
Slack         : 0.377 (required time - arrival time)                  
Delay         : 1.089                                                 

Logic Level             : 0
Non-global nets on path : 1
Global nets on path     : 0

Launch Clock Path Delay        : 2.416
+ Clock To Q + Data Path Delay : 1.497
--------------------------------------
End-of-path arrival time       : 3.913

Constraint                     : 2.000
+ Capture Clock Path Delay     : 2.416
- Clock Uncertainty            : 0.126
--------------------------------------
End-of-path required time      : 4.290

Launch Clock Path
                         name                           model name   delay (ns)  cumulative delay (ns) pins on net    location
================================================================================================================================
pll_inst1_CLKOUT1                                         input        0.000             0.000                0      (0,159)  
pll_inst1_CLKOUT1                                         input        0.126             0.126             1819      (0,159)  
pll_inst1_CLKOUT1                                         net          2.290             2.416             1819      (0,159)  
   Routing elements:
      Manhattan distance of X:114, Y:58
pe_10_10_inst/pe_gen[10].pe_inst/input_reg_b[0]~FF|CLK    EFX_FF       0.000             2.416             1819      (114,101)

Data Path
                        name                          model name   delay (ns)  cumulative delay (ns) pins on net    location
==============================================================================================================================
pe_10_10_inst/pe_gen[10].pe_inst/input_reg_b[0]~FF|Q  EFX_FF         0.130             0.130             793       (114,101)
pe_10_10_inst/pe_gen[10].pe_inst/input_reg_b[0]       net            1.089             1.219             793       (114,101)
   Routing elements:
      Manhattan distance of X:66, Y:99
pe_10_10_inst/pe_gen[99].pe_inst/u_dsp|B[0]           EFX_DSP48      0.278             1.497             793       (180,2)  

Capture Clock Path
                   name                     model name   delay (ns)  cumulative delay (ns) pins on net    location
====================================================================================================================
pll_inst1_CLKOUT1                           input          0.000             0.000                0       (0,159)
pll_inst1_CLKOUT1                           input          0.126             0.126             1819       (0,159)
pll_inst1_CLKOUT1                           net            2.290             2.416             1819       (0,159)
   Routing elements:
      Manhattan distance of X:180, Y:157
pe_10_10_inst/pe_gen[99].pe_inst/u_dsp|CLK  EFX_DSP48      0.000             2.416             1819       (180,2)

++++ Path 2 ++++++++++++++++++++++++++++++++++++++++++++++++++++++++++++++++++++

Path Begin    : pe_10_10_inst/pe_gen[10].pe_inst/input_reg_b[0]~FF|CLK
Path End      : pe_10_10_inst/pe_gen[3].pe_inst/u_dsp|B[0]            
Launch Clock  : pll_inst1_CLKOUT1 (RISE)                              
Capture Clock : pll_inst1_CLKOUT1 (RISE)                              
Slack         : 0.393 (required time - arrival time)                  
Delay         : 1.073                                                 

Logic Level             : 0
Non-global nets on path : 1
Global nets on path     : 0

Launch Clock Path Delay        : 2.416
+ Clock To Q + Data Path Delay : 1.481
--------------------------------------
End-of-path arrival time       : 3.897

Constraint                     : 2.000
+ Capture Clock Path Delay     : 2.416
- Clock Uncertainty            : 0.126
--------------------------------------
End-of-path required time      : 4.290

Launch Clock Path
                         name                           model name   delay (ns)  cumulative delay (ns) pins on net    location
================================================================================================================================
pll_inst1_CLKOUT1                                         input        0.000             0.000                0      (0,159)  
pll_inst1_CLKOUT1                                         input        0.126             0.126             1819      (0,159)  
pll_inst1_CLKOUT1                                         net          2.290             2.416             1819      (0,159)  
   Routing elements:
      Manhattan distance of X:114, Y:58
pe_10_10_inst/pe_gen[10].pe_inst/input_reg_b[0]~FF|CLK    EFX_FF       0.000             2.416             1819      (114,101)

Data Path
                        name                          model name   delay (ns)  cumulative delay (ns) pins on net    location
==============================================================================================================================
pe_10_10_inst/pe_gen[10].pe_inst/input_reg_b[0]~FF|Q  EFX_FF         0.130             0.130             793       (114,101)
pe_10_10_inst/pe_gen[10].pe_inst/input_reg_b[0]       net            1.073             1.203             793       (114,101)
   Routing elements:
      Manhattan distance of X:90, Y:99
pe_10_10_inst/pe_gen[3].pe_inst/u_dsp|B[0]            EFX_DSP48      0.278             1.481             793       (24,2)   

Capture Clock Path
                  name                     model name   delay (ns)  cumulative delay (ns) pins on net    location
===================================================================================================================
pll_inst1_CLKOUT1                          input          0.000             0.000                0       (0,159)
pll_inst1_CLKOUT1                          input          0.126             0.126             1819       (0,159)
pll_inst1_CLKOUT1                          net            2.290             2.416             1819       (0,159)
   Routing elements:
      Manhattan distance of X:24, Y:157
pe_10_10_inst/pe_gen[3].pe_inst/u_dsp|CLK  EFX_DSP48      0.000             2.416             1819       (24,2) 

++++ Path 3 ++++++++++++++++++++++++++++++++++++++++++++++++++++++++++++++++++++

Path Begin    : sys_rstn~FF|CLK                          
Path End      : pe_10_10_inst/pe_gen[3].pe_inst/u_dsp|RST
Launch Clock  : pll_inst1_CLKOUT1 (RISE)                 
Capture Clock : pll_inst1_CLKOUT1 (RISE)                 
Slack         : 0.403 (required time - arrival time)     
Delay         : 1.092                                    

Logic Level             : 0
Non-global nets on path : 1
Global nets on path     : 0

Launch Clock Path Delay        : 2.416
+ Clock To Q + Data Path Delay : 1.471
--------------------------------------
End-of-path arrival time       : 3.887

Constraint                     : 2.000
+ Capture Clock Path Delay     : 2.416
- Clock Uncertainty            : 0.126
--------------------------------------
End-of-path required time      : 4.290

Launch Clock Path
      name         model name   delay (ns)  cumulative delay (ns) pins on net    location
===========================================================================================
pll_inst1_CLKOUT1    input        0.000             0.000                0      (0,159)  
pll_inst1_CLKOUT1    input        0.126             0.126             1819      (0,159)  
pll_inst1_CLKOUT1    net          2.290             2.416             1819      (0,159)  
   Routing elements:
      Manhattan distance of X:108, Y:38
sys_rstn~FF|CLK      EFX_FF       0.000             2.416             1819      (108,121)

Data Path
                  name                     model name   delay (ns)  cumulative delay (ns) pins on net    location
===================================================================================================================
sys_rstn~FF|Q                              EFX_FF         0.130             0.130             709       (108,121)
sys_rstn                                   net            1.092             1.222             709       (108,121)
   Routing elements:
      Manhattan distance of X:84, Y:119
pe_10_10_inst/pe_gen[3].pe_inst/u_dsp|RST  EFX_DSP48      0.249             1.471             709       (24,2)   

Capture Clock Path
                  name                     model name   delay (ns)  cumulative delay (ns) pins on net    location
===================================================================================================================
pll_inst1_CLKOUT1                          input          0.000             0.000                0       (0,159)
pll_inst1_CLKOUT1                          input          0.126             0.126             1819       (0,159)
pll_inst1_CLKOUT1                          net            2.290             2.416             1819       (0,159)
   Routing elements:
      Manhattan distance of X:24, Y:157
pe_10_10_inst/pe_gen[3].pe_inst/u_dsp|CLK  EFX_DSP48      0.000             2.416             1819       (24,2) 

++++ Path 4 ++++++++++++++++++++++++++++++++++++++++++++++++++++++++++++++++++++

Path Begin    : pe_10_10_inst/pe_gen[10].pe_inst/input_reg_b[0]~FF|CLK
Path End      : pe_10_10_inst/pe_gen[88].pe_inst/u_dsp|B[0]           
Launch Clock  : pll_inst1_CLKOUT1 (RISE)                              
Capture Clock : pll_inst1_CLKOUT1 (RISE)                              
Slack         : 0.413 (required time - arrival time)                  
Delay         : 1.053                                                 

Logic Level             : 0
Non-global nets on path : 1
Global nets on path     : 0

Launch Clock Path Delay        : 2.416
+ Clock To Q + Data Path Delay : 1.461
--------------------------------------
End-of-path arrival time       : 3.877

Constraint                     : 2.000
+ Capture Clock Path Delay     : 2.416
- Clock Uncertainty            : 0.126
--------------------------------------
End-of-path required time      : 4.290

Launch Clock Path
                         name                           model name   delay (ns)  cumulative delay (ns) pins on net    location
================================================================================================================================
pll_inst1_CLKOUT1                                         input        0.000             0.000                0      (0,159)  
pll_inst1_CLKOUT1                                         input        0.126             0.126             1819      (0,159)  
pll_inst1_CLKOUT1                                         net          2.290             2.416             1819      (0,159)  
   Routing elements:
      Manhattan distance of X:114, Y:58
pe_10_10_inst/pe_gen[10].pe_inst/input_reg_b[0]~FF|CLK    EFX_FF       0.000             2.416             1819      (114,101)

Data Path
                        name                          model name   delay (ns)  cumulative delay (ns) pins on net    location
==============================================================================================================================
pe_10_10_inst/pe_gen[10].pe_inst/input_reg_b[0]~FF|Q  EFX_FF         0.130             0.130             793       (114,101)
pe_10_10_inst/pe_gen[10].pe_inst/input_reg_b[0]       net            1.053             1.183             793       (114,101)
   Routing elements:
      Manhattan distance of X:81, Y:59
pe_10_10_inst/pe_gen[88].pe_inst/u_dsp|B[0]           EFX_DSP48      0.278             1.461             793       (195,42) 

Capture Clock Path
                   name                     model name   delay (ns)  cumulative delay (ns) pins on net    location
====================================================================================================================
pll_inst1_CLKOUT1                           input          0.000             0.000                0       (0,159) 
pll_inst1_CLKOUT1                           input          0.126             0.126             1819       (0,159) 
pll_inst1_CLKOUT1                           net            2.290             2.416             1819       (0,159) 
   Routing elements:
      Manhattan distance of X:195, Y:117
pe_10_10_inst/pe_gen[88].pe_inst/u_dsp|CLK  EFX_DSP48      0.000             2.416             1819       (195,42)

++++ Path 5 ++++++++++++++++++++++++++++++++++++++++++++++++++++++++++++++++++++

Path Begin    : pe_10_10_inst/pe_gen[10].pe_inst/input_reg_b[0]~FF|CLK
Path End      : pe_10_10_inst/pe_gen[6].pe_inst/u_dsp|CE              
Launch Clock  : pll_inst1_CLKOUT1 (RISE)                              
Capture Clock : pll_inst1_CLKOUT1 (RISE)                              
Slack         : 0.414 (required time - arrival time)                  
Delay         : 1.127                                                 

Logic Level             : 0
Non-global nets on path : 1
Global nets on path     : 0

Launch Clock Path Delay        : 2.416
+ Clock To Q + Data Path Delay : 1.460
--------------------------------------
End-of-path arrival time       : 3.876

Constraint                     : 2.000
+ Capture Clock Path Delay     : 2.416
- Clock Uncertainty            : 0.126
--------------------------------------
End-of-path required time      : 4.290

Launch Clock Path
                         name                           model name   delay (ns)  cumulative delay (ns) pins on net    location
================================================================================================================================
pll_inst1_CLKOUT1                                         input        0.000             0.000                0      (0,159)  
pll_inst1_CLKOUT1                                         input        0.126             0.126             1819      (0,159)  
pll_inst1_CLKOUT1                                         net          2.290             2.416             1819      (0,159)  
   Routing elements:
      Manhattan distance of X:114, Y:58
pe_10_10_inst/pe_gen[10].pe_inst/input_reg_b[0]~FF|CLK    EFX_FF       0.000             2.416             1819      (114,101)

Data Path
                        name                          model name   delay (ns)  cumulative delay (ns) pins on net    location
==============================================================================================================================
pe_10_10_inst/pe_gen[10].pe_inst/input_reg_b[0]~FF|Q  EFX_FF         0.130             0.130             793       (114,101)
pe_10_10_inst/pe_gen[10].pe_inst/input_reg_b[0]       net            1.127             1.257             793       (114,101)
   Routing elements:
      Manhattan distance of X:90, Y:81
pe_10_10_inst/pe_gen[6].pe_inst/u_dsp|CE              EFX_DSP48      0.203             1.460             793       (24,182) 

Capture Clock Path
                  name                     model name   delay (ns)  cumulative delay (ns) pins on net    location
===================================================================================================================
pll_inst1_CLKOUT1                          input          0.000             0.000                0       (0,159) 
pll_inst1_CLKOUT1                          input          0.126             0.126             1819       (0,159) 
pll_inst1_CLKOUT1                          net            2.290             2.416             1819       (0,159) 
   Routing elements:
      Manhattan distance of X:24, Y:23
pe_10_10_inst/pe_gen[6].pe_inst/u_dsp|CLK  EFX_DSP48      0.000             2.416             1819       (24,182)

++++ Path 6 ++++++++++++++++++++++++++++++++++++++++++++++++++++++++++++++++++++

Path Begin    : pe_10_10_inst/pe_gen[10].pe_inst/input_reg_b[0]~FF|CLK
Path End      : pe_10_10_inst/pe_gen[36].pe_inst/u_dsp|CE             
Launch Clock  : pll_inst1_CLKOUT1 (RISE)                              
Capture Clock : pll_inst1_CLKOUT1 (RISE)                              
Slack         : 0.414 (required time - arrival time)                  
Delay         : 1.127                                                 

Logic Level             : 0
Non-global nets on path : 1
Global nets on path     : 0

Launch Clock Path Delay        : 2.416
+ Clock To Q + Data Path Delay : 1.460
--------------------------------------
End-of-path arrival time       : 3.876

Constraint                     : 2.000
+ Capture Clock Path Delay     : 2.416
- Clock Uncertainty            : 0.126
--------------------------------------
End-of-path required time      : 4.290

Launch Clock Path
                         name                           model name   delay (ns)  cumulative delay (ns) pins on net    location
================================================================================================================================
pll_inst1_CLKOUT1                                         input        0.000             0.000                0      (0,159)  
pll_inst1_CLKOUT1                                         input        0.126             0.126             1819      (0,159)  
pll_inst1_CLKOUT1                                         net          2.290             2.416             1819      (0,159)  
   Routing elements:
      Manhattan distance of X:114, Y:58
pe_10_10_inst/pe_gen[10].pe_inst/input_reg_b[0]~FF|CLK    EFX_FF       0.000             2.416             1819      (114,101)

Data Path
                        name                          model name   delay (ns)  cumulative delay (ns) pins on net    location
==============================================================================================================================
pe_10_10_inst/pe_gen[10].pe_inst/input_reg_b[0]~FF|Q  EFX_FF         0.130             0.130             793       (114,101)
pe_10_10_inst/pe_gen[10].pe_inst/input_reg_b[0]       net            1.127             1.257             793       (114,101)
   Routing elements:
      Manhattan distance of X:90, Y:61
pe_10_10_inst/pe_gen[36].pe_inst/u_dsp|CE             EFX_DSP48      0.203             1.460             793       (24,162) 

Capture Clock Path
                   name                     model name   delay (ns)  cumulative delay (ns) pins on net    location
====================================================================================================================
pll_inst1_CLKOUT1                           input          0.000             0.000                0       (0,159) 
pll_inst1_CLKOUT1                           input          0.126             0.126             1819       (0,159) 
pll_inst1_CLKOUT1                           net            2.290             2.416             1819       (0,159) 
   Routing elements:
      Manhattan distance of X:24, Y:3
pe_10_10_inst/pe_gen[36].pe_inst/u_dsp|CLK  EFX_DSP48      0.000             2.416             1819       (24,162)

++++ Path 7 ++++++++++++++++++++++++++++++++++++++++++++++++++++++++++++++++++++

Path Begin    : pe_10_10_inst/pe_gen[10].pe_inst/input_reg_b[0]~FF|CLK
Path End      : pe_10_10_inst/pe_gen[32].pe_inst/u_dsp|B[0]           
Launch Clock  : pll_inst1_CLKOUT1 (RISE)                              
Capture Clock : pll_inst1_CLKOUT1 (RISE)                              
Slack         : 0.430 (required time - arrival time)                  
Delay         : 1.036                                                 

Logic Level             : 0
Non-global nets on path : 1
Global nets on path     : 0

Launch Clock Path Delay        : 2.416
+ Clock To Q + Data Path Delay : 1.444
--------------------------------------
End-of-path arrival time       : 3.860

Constraint                     : 2.000
+ Capture Clock Path Delay     : 2.416
- Clock Uncertainty            : 0.126
--------------------------------------
End-of-path required time      : 4.290

Launch Clock Path
                         name                           model name   delay (ns)  cumulative delay (ns) pins on net    location
================================================================================================================================
pll_inst1_CLKOUT1                                         input        0.000             0.000                0      (0,159)  
pll_inst1_CLKOUT1                                         input        0.126             0.126             1819      (0,159)  
pll_inst1_CLKOUT1                                         net          2.290             2.416             1819      (0,159)  
   Routing elements:
      Manhattan distance of X:114, Y:58
pe_10_10_inst/pe_gen[10].pe_inst/input_reg_b[0]~FF|CLK    EFX_FF       0.000             2.416             1819      (114,101)

Data Path
                        name                          model name   delay (ns)  cumulative delay (ns) pins on net    location
==============================================================================================================================
pe_10_10_inst/pe_gen[10].pe_inst/input_reg_b[0]~FF|Q  EFX_FF         0.130             0.130             793       (114,101)
pe_10_10_inst/pe_gen[10].pe_inst/input_reg_b[0]       net            1.036             1.166             793       (114,101)
   Routing elements:
      Manhattan distance of X:33, Y:99
pe_10_10_inst/pe_gen[32].pe_inst/u_dsp|B[0]           EFX_DSP48      0.278             1.444             793       (81,2)   

Capture Clock Path
                   name                     model name   delay (ns)  cumulative delay (ns) pins on net    location
====================================================================================================================
pll_inst1_CLKOUT1                           input          0.000             0.000                0       (0,159)
pll_inst1_CLKOUT1                           input          0.126             0.126             1819       (0,159)
pll_inst1_CLKOUT1                           net            2.290             2.416             1819       (0,159)
   Routing elements:
      Manhattan distance of X:81, Y:157
pe_10_10_inst/pe_gen[32].pe_inst/u_dsp|CLK  EFX_DSP48      0.000             2.416             1819       (81,2) 

++++ Path 8 ++++++++++++++++++++++++++++++++++++++++++++++++++++++++++++++++++++

Path Begin    : pe_10_10_inst/pe_gen[10].pe_inst/input_reg_b[0]~FF|CLK
Path End      : pe_10_10_inst/pe_gen[8].pe_inst/u_dsp|CE              
Launch Clock  : pll_inst1_CLKOUT1 (RISE)                              
Capture Clock : pll_inst1_CLKOUT1 (RISE)                              
Slack         : 0.436 (required time - arrival time)                  
Delay         : 1.105                                                 

Logic Level             : 0
Non-global nets on path : 1
Global nets on path     : 0

Launch Clock Path Delay        : 2.416
+ Clock To Q + Data Path Delay : 1.438
--------------------------------------
End-of-path arrival time       : 3.854

Constraint                     : 2.000
+ Capture Clock Path Delay     : 2.416
- Clock Uncertainty            : 0.126
--------------------------------------
End-of-path required time      : 4.290

Launch Clock Path
                         name                           model name   delay (ns)  cumulative delay (ns) pins on net    location
================================================================================================================================
pll_inst1_CLKOUT1                                         input        0.000             0.000                0      (0,159)  
pll_inst1_CLKOUT1                                         input        0.126             0.126             1819      (0,159)  
pll_inst1_CLKOUT1                                         net          2.290             2.416             1819      (0,159)  
   Routing elements:
      Manhattan distance of X:114, Y:58
pe_10_10_inst/pe_gen[10].pe_inst/input_reg_b[0]~FF|CLK    EFX_FF       0.000             2.416             1819      (114,101)

Data Path
                        name                          model name   delay (ns)  cumulative delay (ns) pins on net    location
==============================================================================================================================
pe_10_10_inst/pe_gen[10].pe_inst/input_reg_b[0]~FF|Q  EFX_FF         0.130             0.130             793       (114,101)
pe_10_10_inst/pe_gen[10].pe_inst/input_reg_b[0]       net            1.105             1.235             793       (114,101)
   Routing elements:
      Manhattan distance of X:75, Y:61
pe_10_10_inst/pe_gen[8].pe_inst/u_dsp|CE              EFX_DSP48      0.203             1.438             793       (39,162) 

Capture Clock Path
                  name                     model name   delay (ns)  cumulative delay (ns) pins on net    location
===================================================================================================================
pll_inst1_CLKOUT1                          input          0.000             0.000                0       (0,159) 
pll_inst1_CLKOUT1                          input          0.126             0.126             1819       (0,159) 
pll_inst1_CLKOUT1                          net            2.290             2.416             1819       (0,159) 
   Routing elements:
      Manhattan distance of X:39, Y:3
pe_10_10_inst/pe_gen[8].pe_inst/u_dsp|CLK  EFX_DSP48      0.000             2.416             1819       (39,162)

++++ Path 9 ++++++++++++++++++++++++++++++++++++++++++++++++++++++++++++++++++++

Path Begin    : pe_10_10_inst/pe_gen[10].pe_inst/input_reg_b[0]~FF|CLK
Path End      : pe_10_10_inst/pe_gen[29].pe_inst/u_dsp|CE             
Launch Clock  : pll_inst1_CLKOUT1 (RISE)                              
Capture Clock : pll_inst1_CLKOUT1 (RISE)                              
Slack         : 0.436 (required time - arrival time)                  
Delay         : 1.105                                                 

Logic Level             : 0
Non-global nets on path : 1
Global nets on path     : 0

Launch Clock Path Delay        : 2.416
+ Clock To Q + Data Path Delay : 1.438
--------------------------------------
End-of-path arrival time       : 3.854

Constraint                     : 2.000
+ Capture Clock Path Delay     : 2.416
- Clock Uncertainty            : 0.126
--------------------------------------
End-of-path required time      : 4.290

Launch Clock Path
                         name                           model name   delay (ns)  cumulative delay (ns) pins on net    location
================================================================================================================================
pll_inst1_CLKOUT1                                         input        0.000             0.000                0      (0,159)  
pll_inst1_CLKOUT1                                         input        0.126             0.126             1819      (0,159)  
pll_inst1_CLKOUT1                                         net          2.290             2.416             1819      (0,159)  
   Routing elements:
      Manhattan distance of X:114, Y:58
pe_10_10_inst/pe_gen[10].pe_inst/input_reg_b[0]~FF|CLK    EFX_FF       0.000             2.416             1819      (114,101)

Data Path
                        name                          model name   delay (ns)  cumulative delay (ns) pins on net    location
==============================================================================================================================
pe_10_10_inst/pe_gen[10].pe_inst/input_reg_b[0]~FF|Q  EFX_FF         0.130             0.130             793       (114,101)
pe_10_10_inst/pe_gen[10].pe_inst/input_reg_b[0]       net            1.105             1.235             793       (114,101)
   Routing elements:
      Manhattan distance of X:75, Y:81
pe_10_10_inst/pe_gen[29].pe_inst/u_dsp|CE             EFX_DSP48      0.203             1.438             793       (39,182) 

Capture Clock Path
                   name                     model name   delay (ns)  cumulative delay (ns) pins on net    location
====================================================================================================================
pll_inst1_CLKOUT1                           input          0.000             0.000                0       (0,159) 
pll_inst1_CLKOUT1                           input          0.126             0.126             1819       (0,159) 
pll_inst1_CLKOUT1                           net            2.290             2.416             1819       (0,159) 
   Routing elements:
      Manhattan distance of X:39, Y:23
pe_10_10_inst/pe_gen[29].pe_inst/u_dsp|CLK  EFX_DSP48      0.000             2.416             1819       (39,182)

++++ Path 10 +++++++++++++++++++++++++++++++++++++++++++++++++++++++++++++++++++

Path Begin    : pe_10_10_inst/pe_gen[10].pe_inst/input_reg_b[0]~FF|CLK
Path End      : pe_10_10_inst/pe_gen[97].pe_inst/u_dsp|B[0]           
Launch Clock  : pll_inst1_CLKOUT1 (RISE)                              
Capture Clock : pll_inst1_CLKOUT1 (RISE)                              
Slack         : 0.442 (required time - arrival time)                  
Delay         : 1.024                                                 

Logic Level             : 0
Non-global nets on path : 1
Global nets on path     : 0

Launch Clock Path Delay        : 2.416
+ Clock To Q + Data Path Delay : 1.432
--------------------------------------
End-of-path arrival time       : 3.848

Constraint                     : 2.000
+ Capture Clock Path Delay     : 2.416
- Clock Uncertainty            : 0.126
--------------------------------------
End-of-path required time      : 4.290

Launch Clock Path
                         name                           model name   delay (ns)  cumulative delay (ns) pins on net    location
================================================================================================================================
pll_inst1_CLKOUT1                                         input        0.000             0.000                0      (0,159)  
pll_inst1_CLKOUT1                                         input        0.126             0.126             1819      (0,159)  
pll_inst1_CLKOUT1                                         net          2.290             2.416             1819      (0,159)  
   Routing elements:
      Manhattan distance of X:114, Y:58
pe_10_10_inst/pe_gen[10].pe_inst/input_reg_b[0]~FF|CLK    EFX_FF       0.000             2.416             1819      (114,101)

Data Path
                        name                          model name   delay (ns)  cumulative delay (ns) pins on net    location
==============================================================================================================================
pe_10_10_inst/pe_gen[10].pe_inst/input_reg_b[0]~FF|Q  EFX_FF         0.130             0.130             793       (114,101)
pe_10_10_inst/pe_gen[10].pe_inst/input_reg_b[0]       net            1.024             1.154             793       (114,101)
   Routing elements:
      Manhattan distance of X:51, Y:99
pe_10_10_inst/pe_gen[97].pe_inst/u_dsp|B[0]           EFX_DSP48      0.278             1.432             793       (165,2)  

Capture Clock Path
                   name                     model name   delay (ns)  cumulative delay (ns) pins on net    location
====================================================================================================================
pll_inst1_CLKOUT1                           input          0.000             0.000                0       (0,159)
pll_inst1_CLKOUT1                           input          0.126             0.126             1819       (0,159)
pll_inst1_CLKOUT1                           net            2.290             2.416             1819       (0,159)
   Routing elements:
      Manhattan distance of X:165, Y:157
pe_10_10_inst/pe_gen[97].pe_inst/u_dsp|CLK  EFX_DSP48      0.000             2.416             1819       (165,2)

---------- Path Details for Max Critical Paths (end) ---------------

---------- 4. Path Details for Min Critical Paths (begin) ----------

################################################################################
Path Detail Report (pll_inst1_CLKOUT1 vs pll_inst1_CLKOUT1)
################################################################################


++++ Path 1 ++++++++++++++++++++++++++++++++++++++++++++++++++++++++++++++++++++

Path Begin    : generate_resetn_inst/r_count[24]~FF|CLK
Path End      : generate_resetn_inst/r_count[24]~FF|D  
Launch Clock  : pll_inst1_CLKOUT1 (RISE)               
Capture Clock : pll_inst1_CLKOUT1 (RISE)               
Slack         : 0.180 (arrival time - required time)   
Delay         : 0.178                                  

Logic Level             : 1
Non-global nets on path : 2
Global nets on path     : 0

Launch Clock Path Delay        : 2.360
+ Clock To Q + Data Path Delay : 0.250
--------------------------------------
End-of-path arrival time       : 2.610

Constraint                     : 0.000
+ Capture Clock Path Delay     : 2.360
+ Clock Uncertainty            : 0.070
--------------------------------------
End-of-path required time      : 2.430

Launch Clock Path
                 name                    model name   delay (ns)  cumulative delay (ns) pins on net    location
=================================================================================================================
pll_inst1_CLKOUT1                          input        0.000             0.000                0       (0,159) 
pll_inst1_CLKOUT1                          input        0.070             0.070             1819       (0,159) 
pll_inst1_CLKOUT1                          net          2.290             2.360             1819       (0,159) 
   Routing elements:
      Manhattan distance of X:84, Y:31
generate_resetn_inst/r_count[24]~FF|CLK    EFX_FF       0.000             2.360             1819       (84,128)

Data Path
                name                   model name   delay (ns)  cumulative delay (ns) pins on net    location
===============================================================================================================
generate_resetn_inst/r_count[24]~FF|Q   EFX_FF        0.072             0.072              3         (84,128)
generate_resetn_inst/r_count[24]        net           0.143             0.215              3         (84,128)
generate_resetn_inst/add_16/i24|I0      EFX_ADD       0.035             0.250              3         (84,128)
generate_resetn_inst/add_16/i24|O       EFX_ADD       0.000             0.250              2         (84,128)
generate_resetn_inst/n16                net           0.000             0.250              2         (84,128)
generate_resetn_inst/r_count[24]~FF|D   EFX_FF        0.000             0.250              2         (84,128)

Capture Clock Path
                 name                    model name   delay (ns)  cumulative delay (ns) pins on net    location
=================================================================================================================
pll_inst1_CLKOUT1                          input        0.000             0.000                0       (0,159) 
pll_inst1_CLKOUT1                          input        0.070             0.070             1819       (0,159) 
pll_inst1_CLKOUT1                          net          2.290             2.360             1819       (0,159) 
   Routing elements:
      Manhattan distance of X:84, Y:31
generate_resetn_inst/r_count[24]~FF|CLK    EFX_FF       0.000             2.360             1819       (84,128)

++++ Path 2 ++++++++++++++++++++++++++++++++++++++++++++++++++++++++++++++++++++

Path Begin    : generate_resetn_inst/r_count[26]~FF|CLK
Path End      : generate_resetn_inst/r_count[26]~FF|D  
Launch Clock  : pll_inst1_CLKOUT1 (RISE)               
Capture Clock : pll_inst1_CLKOUT1 (RISE)               
Slack         : 0.180 (arrival time - required time)   
Delay         : 0.178                                  

Logic Level             : 1
Non-global nets on path : 2
Global nets on path     : 0

Launch Clock Path Delay        : 2.360
+ Clock To Q + Data Path Delay : 0.250
--------------------------------------
End-of-path arrival time       : 2.610

Constraint                     : 0.000
+ Capture Clock Path Delay     : 2.360
+ Clock Uncertainty            : 0.070
--------------------------------------
End-of-path required time      : 2.430

Launch Clock Path
                 name                    model name   delay (ns)  cumulative delay (ns) pins on net    location
=================================================================================================================
pll_inst1_CLKOUT1                          input        0.000             0.000                0       (0,159) 
pll_inst1_CLKOUT1                          input        0.070             0.070             1819       (0,159) 
pll_inst1_CLKOUT1                          net          2.290             2.360             1819       (0,159) 
   Routing elements:
      Manhattan distance of X:84, Y:29
generate_resetn_inst/r_count[26]~FF|CLK    EFX_FF       0.000             2.360             1819       (84,130)

Data Path
                name                   model name   delay (ns)  cumulative delay (ns) pins on net    location
===============================================================================================================
generate_resetn_inst/r_count[26]~FF|Q   EFX_FF        0.072             0.072              3         (84,130)
generate_resetn_inst/r_count[26]        net           0.143             0.215              3         (84,130)
generate_resetn_inst/add_16/i26|I0      EFX_ADD       0.035             0.250              3         (84,130)
generate_resetn_inst/add_16/i26|O       EFX_ADD       0.000             0.250              2         (84,130)
generate_resetn_inst/n14                net           0.000             0.250              2         (84,130)
generate_resetn_inst/r_count[26]~FF|D   EFX_FF        0.000             0.250              2         (84,130)

Capture Clock Path
                 name                    model name   delay (ns)  cumulative delay (ns) pins on net    location
=================================================================================================================
pll_inst1_CLKOUT1                          input        0.000             0.000                0       (0,159) 
pll_inst1_CLKOUT1                          input        0.070             0.070             1819       (0,159) 
pll_inst1_CLKOUT1                          net          2.290             2.360             1819       (0,159) 
   Routing elements:
      Manhattan distance of X:84, Y:29
generate_resetn_inst/r_count[26]~FF|CLK    EFX_FF       0.000             2.360             1819       (84,130)

++++ Path 3 ++++++++++++++++++++++++++++++++++++++++++++++++++++++++++++++++++++

Path Begin    : generate_resetn_inst/r_count[25]~FF|CLK
Path End      : generate_resetn_inst/r_count[25]~FF|D  
Launch Clock  : pll_inst1_CLKOUT1 (RISE)               
Capture Clock : pll_inst1_CLKOUT1 (RISE)               
Slack         : 0.180 (arrival time - required time)   
Delay         : 0.178                                  

Logic Level             : 1
Non-global nets on path : 2
Global nets on path     : 0

Launch Clock Path Delay        : 2.360
+ Clock To Q + Data Path Delay : 0.250
--------------------------------------
End-of-path arrival time       : 2.610

Constraint                     : 0.000
+ Capture Clock Path Delay     : 2.360
+ Clock Uncertainty            : 0.070
--------------------------------------
End-of-path required time      : 2.430

Launch Clock Path
                 name                    model name   delay (ns)  cumulative delay (ns) pins on net    location
=================================================================================================================
pll_inst1_CLKOUT1                          input        0.000             0.000                0       (0,159) 
pll_inst1_CLKOUT1                          input        0.070             0.070             1819       (0,159) 
pll_inst1_CLKOUT1                          net          2.290             2.360             1819       (0,159) 
   Routing elements:
      Manhattan distance of X:84, Y:30
generate_resetn_inst/r_count[25]~FF|CLK    EFX_FF       0.000             2.360             1819       (84,129)

Data Path
                name                   model name   delay (ns)  cumulative delay (ns) pins on net    location
===============================================================================================================
generate_resetn_inst/r_count[25]~FF|Q   EFX_FF        0.072             0.072              3         (84,129)
generate_resetn_inst/r_count[25]        net           0.143             0.215              3         (84,129)
generate_resetn_inst/add_16/i25|I0      EFX_ADD       0.035             0.250              3         (84,129)
generate_resetn_inst/add_16/i25|O       EFX_ADD       0.000             0.250              2         (84,129)
generate_resetn_inst/n15                net           0.000             0.250              2         (84,129)
generate_resetn_inst/r_count[25]~FF|D   EFX_FF        0.000             0.250              2         (84,129)

Capture Clock Path
                 name                    model name   delay (ns)  cumulative delay (ns) pins on net    location
=================================================================================================================
pll_inst1_CLKOUT1                          input        0.000             0.000                0       (0,159) 
pll_inst1_CLKOUT1                          input        0.070             0.070             1819       (0,159) 
pll_inst1_CLKOUT1                          net          2.290             2.360             1819       (0,159) 
   Routing elements:
      Manhattan distance of X:84, Y:30
generate_resetn_inst/r_count[25]~FF|CLK    EFX_FF       0.000             2.360             1819       (84,129)

++++ Path 4 ++++++++++++++++++++++++++++++++++++++++++++++++++++++++++++++++++++

Path Begin    : generate_resetn_inst/r_count[30]~FF|CLK
Path End      : generate_resetn_inst/r_count[30]~FF|D  
Launch Clock  : pll_inst1_CLKOUT1 (RISE)               
Capture Clock : pll_inst1_CLKOUT1 (RISE)               
Slack         : 0.180 (arrival time - required time)   
Delay         : 0.178                                  

Logic Level             : 1
Non-global nets on path : 2
Global nets on path     : 0

Launch Clock Path Delay        : 2.360
+ Clock To Q + Data Path Delay : 0.250
--------------------------------------
End-of-path arrival time       : 2.610

Constraint                     : 0.000
+ Capture Clock Path Delay     : 2.360
+ Clock Uncertainty            : 0.070
--------------------------------------
End-of-path required time      : 2.430

Launch Clock Path
                 name                    model name   delay (ns)  cumulative delay (ns) pins on net    location
=================================================================================================================
pll_inst1_CLKOUT1                          input        0.000             0.000                0       (0,159) 
pll_inst1_CLKOUT1                          input        0.070             0.070             1819       (0,159) 
pll_inst1_CLKOUT1                          net          2.290             2.360             1819       (0,159) 
   Routing elements:
      Manhattan distance of X:84, Y:25
generate_resetn_inst/r_count[30]~FF|CLK    EFX_FF       0.000             2.360             1819       (84,134)

Data Path
                name                   model name   delay (ns)  cumulative delay (ns) pins on net    location
===============================================================================================================
generate_resetn_inst/r_count[30]~FF|Q   EFX_FF        0.072             0.072              3         (84,134)
generate_resetn_inst/r_count[30]        net           0.143             0.215              3         (84,134)
generate_resetn_inst/add_16/i30|I0      EFX_ADD       0.035             0.250              3         (84,134)
generate_resetn_inst/add_16/i30|O       EFX_ADD       0.000             0.250              2         (84,134)
generate_resetn_inst/n10                net           0.000             0.250              2         (84,134)
generate_resetn_inst/r_count[30]~FF|D   EFX_FF        0.000             0.250              2         (84,134)

Capture Clock Path
                 name                    model name   delay (ns)  cumulative delay (ns) pins on net    location
=================================================================================================================
pll_inst1_CLKOUT1                          input        0.000             0.000                0       (0,159) 
pll_inst1_CLKOUT1                          input        0.070             0.070             1819       (0,159) 
pll_inst1_CLKOUT1                          net          2.290             2.360             1819       (0,159) 
   Routing elements:
      Manhattan distance of X:84, Y:25
generate_resetn_inst/r_count[30]~FF|CLK    EFX_FF       0.000             2.360             1819       (84,134)

++++ Path 5 ++++++++++++++++++++++++++++++++++++++++++++++++++++++++++++++++++++

Path Begin    : generate_resetn_inst/r_count[27]~FF|CLK
Path End      : generate_resetn_inst/r_count[27]~FF|D  
Launch Clock  : pll_inst1_CLKOUT1 (RISE)               
Capture Clock : pll_inst1_CLKOUT1 (RISE)               
Slack         : 0.180 (arrival time - required time)   
Delay         : 0.178                                  

Logic Level             : 1
Non-global nets on path : 2
Global nets on path     : 0

Launch Clock Path Delay        : 2.360
+ Clock To Q + Data Path Delay : 0.250
--------------------------------------
End-of-path arrival time       : 2.610

Constraint                     : 0.000
+ Capture Clock Path Delay     : 2.360
+ Clock Uncertainty            : 0.070
--------------------------------------
End-of-path required time      : 2.430

Launch Clock Path
                 name                    model name   delay (ns)  cumulative delay (ns) pins on net    location
=================================================================================================================
pll_inst1_CLKOUT1                          input        0.000             0.000                0       (0,159) 
pll_inst1_CLKOUT1                          input        0.070             0.070             1819       (0,159) 
pll_inst1_CLKOUT1                          net          2.290             2.360             1819       (0,159) 
   Routing elements:
      Manhattan distance of X:84, Y:28
generate_resetn_inst/r_count[27]~FF|CLK    EFX_FF       0.000             2.360             1819       (84,131)

Data Path
                name                   model name   delay (ns)  cumulative delay (ns) pins on net    location
===============================================================================================================
generate_resetn_inst/r_count[27]~FF|Q   EFX_FF        0.072             0.072              3         (84,131)
generate_resetn_inst/r_count[27]        net           0.143             0.215              3         (84,131)
generate_resetn_inst/add_16/i27|I0      EFX_ADD       0.035             0.250              3         (84,131)
generate_resetn_inst/add_16/i27|O       EFX_ADD       0.000             0.250              2         (84,131)
generate_resetn_inst/n13                net           0.000             0.250              2         (84,131)
generate_resetn_inst/r_count[27]~FF|D   EFX_FF        0.000             0.250              2         (84,131)

Capture Clock Path
                 name                    model name   delay (ns)  cumulative delay (ns) pins on net    location
=================================================================================================================
pll_inst1_CLKOUT1                          input        0.000             0.000                0       (0,159) 
pll_inst1_CLKOUT1                          input        0.070             0.070             1819       (0,159) 
pll_inst1_CLKOUT1                          net          2.290             2.360             1819       (0,159) 
   Routing elements:
      Manhattan distance of X:84, Y:28
generate_resetn_inst/r_count[27]~FF|CLK    EFX_FF       0.000             2.360             1819       (84,131)

++++ Path 6 ++++++++++++++++++++++++++++++++++++++++++++++++++++++++++++++++++++

Path Begin    : generate_resetn_inst/r_count[23]~FF|CLK
Path End      : generate_resetn_inst/r_count[23]~FF|D  
Launch Clock  : pll_inst1_CLKOUT1 (RISE)               
Capture Clock : pll_inst1_CLKOUT1 (RISE)               
Slack         : 0.180 (arrival time - required time)   
Delay         : 0.178                                  

Logic Level             : 1
Non-global nets on path : 2
Global nets on path     : 0

Launch Clock Path Delay        : 2.360
+ Clock To Q + Data Path Delay : 0.250
--------------------------------------
End-of-path arrival time       : 2.610

Constraint                     : 0.000
+ Capture Clock Path Delay     : 2.360
+ Clock Uncertainty            : 0.070
--------------------------------------
End-of-path required time      : 2.430

Launch Clock Path
                 name                    model name   delay (ns)  cumulative delay (ns) pins on net    location
=================================================================================================================
pll_inst1_CLKOUT1                          input        0.000             0.000                0       (0,159) 
pll_inst1_CLKOUT1                          input        0.070             0.070             1819       (0,159) 
pll_inst1_CLKOUT1                          net          2.290             2.360             1819       (0,159) 
   Routing elements:
      Manhattan distance of X:84, Y:32
generate_resetn_inst/r_count[23]~FF|CLK    EFX_FF       0.000             2.360             1819       (84,127)

Data Path
                name                   model name   delay (ns)  cumulative delay (ns) pins on net    location
===============================================================================================================
generate_resetn_inst/r_count[23]~FF|Q   EFX_FF        0.072             0.072              3         (84,127)
generate_resetn_inst/r_count[23]        net           0.143             0.215              3         (84,127)
generate_resetn_inst/add_16/i23|I0      EFX_ADD       0.035             0.250              3         (84,127)
generate_resetn_inst/add_16/i23|O       EFX_ADD       0.000             0.250              2         (84,127)
generate_resetn_inst/n17                net           0.000             0.250              2         (84,127)
generate_resetn_inst/r_count[23]~FF|D   EFX_FF        0.000             0.250              2         (84,127)

Capture Clock Path
                 name                    model name   delay (ns)  cumulative delay (ns) pins on net    location
=================================================================================================================
pll_inst1_CLKOUT1                          input        0.000             0.000                0       (0,159) 
pll_inst1_CLKOUT1                          input        0.070             0.070             1819       (0,159) 
pll_inst1_CLKOUT1                          net          2.290             2.360             1819       (0,159) 
   Routing elements:
      Manhattan distance of X:84, Y:32
generate_resetn_inst/r_count[23]~FF|CLK    EFX_FF       0.000             2.360             1819       (84,127)

++++ Path 7 ++++++++++++++++++++++++++++++++++++++++++++++++++++++++++++++++++++

Path Begin    : generate_resetn_inst/r_count[22]~FF|CLK
Path End      : generate_resetn_inst/r_count[22]~FF|D  
Launch Clock  : pll_inst1_CLKOUT1 (RISE)               
Capture Clock : pll_inst1_CLKOUT1 (RISE)               
Slack         : 0.180 (arrival time - required time)   
Delay         : 0.178                                  

Logic Level             : 1
Non-global nets on path : 2
Global nets on path     : 0

Launch Clock Path Delay        : 2.360
+ Clock To Q + Data Path Delay : 0.250
--------------------------------------
End-of-path arrival time       : 2.610

Constraint                     : 0.000
+ Capture Clock Path Delay     : 2.360
+ Clock Uncertainty            : 0.070
--------------------------------------
End-of-path required time      : 2.430

Launch Clock Path
                 name                    model name   delay (ns)  cumulative delay (ns) pins on net    location
=================================================================================================================
pll_inst1_CLKOUT1                          input        0.000             0.000                0       (0,159) 
pll_inst1_CLKOUT1                          input        0.070             0.070             1819       (0,159) 
pll_inst1_CLKOUT1                          net          2.290             2.360             1819       (0,159) 
   Routing elements:
      Manhattan distance of X:84, Y:33
generate_resetn_inst/r_count[22]~FF|CLK    EFX_FF       0.000             2.360             1819       (84,126)

Data Path
                name                   model name   delay (ns)  cumulative delay (ns) pins on net    location
===============================================================================================================
generate_resetn_inst/r_count[22]~FF|Q   EFX_FF        0.072             0.072              3         (84,126)
generate_resetn_inst/r_count[22]        net           0.143             0.215              3         (84,126)
generate_resetn_inst/add_16/i22|I0      EFX_ADD       0.035             0.250              3         (84,126)
generate_resetn_inst/add_16/i22|O       EFX_ADD       0.000             0.250              2         (84,126)
generate_resetn_inst/n18                net           0.000             0.250              2         (84,126)
generate_resetn_inst/r_count[22]~FF|D   EFX_FF        0.000             0.250              2         (84,126)

Capture Clock Path
                 name                    model name   delay (ns)  cumulative delay (ns) pins on net    location
=================================================================================================================
pll_inst1_CLKOUT1                          input        0.000             0.000                0       (0,159) 
pll_inst1_CLKOUT1                          input        0.070             0.070             1819       (0,159) 
pll_inst1_CLKOUT1                          net          2.290             2.360             1819       (0,159) 
   Routing elements:
      Manhattan distance of X:84, Y:33
generate_resetn_inst/r_count[22]~FF|CLK    EFX_FF       0.000             2.360             1819       (84,126)

++++ Path 8 ++++++++++++++++++++++++++++++++++++++++++++++++++++++++++++++++++++

Path Begin    : generate_resetn_inst/r_count[21]~FF|CLK
Path End      : generate_resetn_inst/r_count[21]~FF|D  
Launch Clock  : pll_inst1_CLKOUT1 (RISE)               
Capture Clock : pll_inst1_CLKOUT1 (RISE)               
Slack         : 0.180 (arrival time - required time)   
Delay         : 0.178                                  

Logic Level             : 1
Non-global nets on path : 2
Global nets on path     : 0

Launch Clock Path Delay        : 2.360
+ Clock To Q + Data Path Delay : 0.250
--------------------------------------
End-of-path arrival time       : 2.610

Constraint                     : 0.000
+ Capture Clock Path Delay     : 2.360
+ Clock Uncertainty            : 0.070
--------------------------------------
End-of-path required time      : 2.430

Launch Clock Path
                 name                    model name   delay (ns)  cumulative delay (ns) pins on net    location
=================================================================================================================
pll_inst1_CLKOUT1                          input        0.000             0.000                0       (0,159) 
pll_inst1_CLKOUT1                          input        0.070             0.070             1819       (0,159) 
pll_inst1_CLKOUT1                          net          2.290             2.360             1819       (0,159) 
   Routing elements:
      Manhattan distance of X:84, Y:34
generate_resetn_inst/r_count[21]~FF|CLK    EFX_FF       0.000             2.360             1819       (84,125)

Data Path
                name                   model name   delay (ns)  cumulative delay (ns) pins on net    location
===============================================================================================================
generate_resetn_inst/r_count[21]~FF|Q   EFX_FF        0.072             0.072              3         (84,125)
generate_resetn_inst/r_count[21]        net           0.143             0.215              3         (84,125)
generate_resetn_inst/add_16/i21|I0      EFX_ADD       0.035             0.250              3         (84,125)
generate_resetn_inst/add_16/i21|O       EFX_ADD       0.000             0.250              2         (84,125)
generate_resetn_inst/n19                net           0.000             0.250              2         (84,125)
generate_resetn_inst/r_count[21]~FF|D   EFX_FF        0.000             0.250              2         (84,125)

Capture Clock Path
                 name                    model name   delay (ns)  cumulative delay (ns) pins on net    location
=================================================================================================================
pll_inst1_CLKOUT1                          input        0.000             0.000                0       (0,159) 
pll_inst1_CLKOUT1                          input        0.070             0.070             1819       (0,159) 
pll_inst1_CLKOUT1                          net          2.290             2.360             1819       (0,159) 
   Routing elements:
      Manhattan distance of X:84, Y:34
generate_resetn_inst/r_count[21]~FF|CLK    EFX_FF       0.000             2.360             1819       (84,125)

++++ Path 9 ++++++++++++++++++++++++++++++++++++++++++++++++++++++++++++++++++++

Path Begin    : generate_resetn_inst/r_count[28]~FF|CLK
Path End      : generate_resetn_inst/r_count[28]~FF|D  
Launch Clock  : pll_inst1_CLKOUT1 (RISE)               
Capture Clock : pll_inst1_CLKOUT1 (RISE)               
Slack         : 0.180 (arrival time - required time)   
Delay         : 0.178                                  

Logic Level             : 1
Non-global nets on path : 2
Global nets on path     : 0

Launch Clock Path Delay        : 2.360
+ Clock To Q + Data Path Delay : 0.250
--------------------------------------
End-of-path arrival time       : 2.610

Constraint                     : 0.000
+ Capture Clock Path Delay     : 2.360
+ Clock Uncertainty            : 0.070
--------------------------------------
End-of-path required time      : 2.430

Launch Clock Path
                 name                    model name   delay (ns)  cumulative delay (ns) pins on net    location
=================================================================================================================
pll_inst1_CLKOUT1                          input        0.000             0.000                0       (0,159) 
pll_inst1_CLKOUT1                          input        0.070             0.070             1819       (0,159) 
pll_inst1_CLKOUT1                          net          2.290             2.360             1819       (0,159) 
   Routing elements:
      Manhattan distance of X:84, Y:27
generate_resetn_inst/r_count[28]~FF|CLK    EFX_FF       0.000             2.360             1819       (84,132)

Data Path
                name                   model name   delay (ns)  cumulative delay (ns) pins on net    location
===============================================================================================================
generate_resetn_inst/r_count[28]~FF|Q   EFX_FF        0.072             0.072              3         (84,132)
generate_resetn_inst/r_count[28]        net           0.143             0.215              3         (84,132)
generate_resetn_inst/add_16/i28|I0      EFX_ADD       0.035             0.250              3         (84,132)
generate_resetn_inst/add_16/i28|O       EFX_ADD       0.000             0.250              2         (84,132)
generate_resetn_inst/n12                net           0.000             0.250              2         (84,132)
generate_resetn_inst/r_count[28]~FF|D   EFX_FF        0.000             0.250              2         (84,132)

Capture Clock Path
                 name                    model name   delay (ns)  cumulative delay (ns) pins on net    location
=================================================================================================================
pll_inst1_CLKOUT1                          input        0.000             0.000                0       (0,159) 
pll_inst1_CLKOUT1                          input        0.070             0.070             1819       (0,159) 
pll_inst1_CLKOUT1                          net          2.290             2.360             1819       (0,159) 
   Routing elements:
      Manhattan distance of X:84, Y:27
generate_resetn_inst/r_count[28]~FF|CLK    EFX_FF       0.000             2.360             1819       (84,132)

++++ Path 10 +++++++++++++++++++++++++++++++++++++++++++++++++++++++++++++++++++

Path Begin    : generate_resetn_inst/r_count[29]~FF|CLK
Path End      : generate_resetn_inst/r_count[29]~FF|D  
Launch Clock  : pll_inst1_CLKOUT1 (RISE)               
Capture Clock : pll_inst1_CLKOUT1 (RISE)               
Slack         : 0.180 (arrival time - required time)   
Delay         : 0.178                                  

Logic Level             : 1
Non-global nets on path : 2
Global nets on path     : 0

Launch Clock Path Delay        : 2.360
+ Clock To Q + Data Path Delay : 0.250
--------------------------------------
End-of-path arrival time       : 2.610

Constraint                     : 0.000
+ Capture Clock Path Delay     : 2.360
+ Clock Uncertainty            : 0.070
--------------------------------------
End-of-path required time      : 2.430

Launch Clock Path
                 name                    model name   delay (ns)  cumulative delay (ns) pins on net    location
=================================================================================================================
pll_inst1_CLKOUT1                          input        0.000             0.000                0       (0,159) 
pll_inst1_CLKOUT1                          input        0.070             0.070             1819       (0,159) 
pll_inst1_CLKOUT1                          net          2.290             2.360             1819       (0,159) 
   Routing elements:
      Manhattan distance of X:84, Y:26
generate_resetn_inst/r_count[29]~FF|CLK    EFX_FF       0.000             2.360             1819       (84,133)

Data Path
                name                   model name   delay (ns)  cumulative delay (ns) pins on net    location
===============================================================================================================
generate_resetn_inst/r_count[29]~FF|Q   EFX_FF        0.072             0.072              3         (84,133)
generate_resetn_inst/r_count[29]        net           0.143             0.215              3         (84,133)
generate_resetn_inst/add_16/i29|I0      EFX_ADD       0.035             0.250              3         (84,133)
generate_resetn_inst/add_16/i29|O       EFX_ADD       0.000             0.250              2         (84,133)
generate_resetn_inst/n11                net           0.000             0.250              2         (84,133)
generate_resetn_inst/r_count[29]~FF|D   EFX_FF        0.000             0.250              2         (84,133)

Capture Clock Path
                 name                    model name   delay (ns)  cumulative delay (ns) pins on net    location
=================================================================================================================
pll_inst1_CLKOUT1                          input        0.000             0.000                0       (0,159) 
pll_inst1_CLKOUT1                          input        0.070             0.070             1819       (0,159) 
pll_inst1_CLKOUT1                          net          2.290             2.360             1819       (0,159) 
   Routing elements:
      Manhattan distance of X:84, Y:26
generate_resetn_inst/r_count[29]~FF|CLK    EFX_FF       0.000             2.360             1819       (84,133)

---------- Path Details for Min Critical Paths (end) ---------------

