
Elitestek FPGA Placement and Routing.
Version: 2026.1.132 
Date: Tue Aug 25 22:42:38 2026

Copyright (C) 2013 - 2026 Efinix, Inc. All rights reserved.
 
Family: Titanium 
Device: Ti60F225
Top-level Entity Name: conv10_10

---------- IO Interface Summary (begin) ----------

+------------------------+--------------+
| Missing Interface Pins | Input/Output |
+------------------------+--------------+
|   pll_inst1_CLKOUT0    |    Input     |
|   pll_inst1_CLKOUT2    |    Input     |
+------------------------+--------------+

----------- IO Interface Summary (end) ----------


---------- Module Resource Usage Distribution Estimates (begin) ----------

'Module Resource Usage Distribution Estimates' table printed in: D:/my_code/fpga/yilisi/conv10_10/outflow\conv10_10.hier_util.rpt

----------- Module Resource Usage Distribution Estimates (end) ----------

Elapsed time for packing: 0 hours 0 minutes 0 seconds
---------- Resource Summary (begin) ----------
Inputs: 2 / 1703 (0.12%)
Outputs: 1 / 2267 (0.04%)
Global Clocks (GBUF): 1 / 32 (3.12%)
Regional Clocks (RBUF): 0 / 32 (0.00%)
	RBUF: Core: 0 / 16 (0.00%)
	RBUF: Periphery: 0 / 8 (0.00%)
	RBUF: Multi-Region: 0 / 8 (0.00%)
XLRs: 1966 / 60800 (3.23%)
	XLRs needed for LUT4: 248 / 60800 (0.41%)
	XLRs needed for LUT4 + FF: 606 / 60800 (1.00%)
	XLRs needed for COMB4: 0 / 60800 (0.00%)
	XLRs needed for COMB4 + FF: 0 / 60800 (0.00%)
	XLRs needed for Adder: 0 / 60800 (0.00%)
	XLRs needed for Adder + FF: 31 / 60800 (0.05%)
	XLRs needed for SRL8: 0 / 14720 (0.00%)
	XLRs needed for SRL8 + FF: 0 / 14720 (0.00%)
	XLRs needed for FF: 1081 / 60800 (1.78%)
	XLRs needed for Routing: 0 / 60800 (0.00%)
Memory Blocks: 0 / 256 (0.00%)
DSP Blocks: 100 / 160 (62.50%)
---------- Resource Summary (end) ----------

Elapsed time for placement: 0 hours 0 minutes 1 seconds
