INFO     : Elitestek FPGA Bitstream Generator.
INFO     : Version: 2026.1.132 
INFO     : Copyright (C) 2013 - 2026 Efinix, Inc. All rights reserved.
INFO     : Compiled: May 29 2026.
INFO     : Using source file "D:/my_code/fpga/yilisi/conv10_10/work_pnr/conv10_10.lbf"
INFO     : Generating HEX programming file for device "Ti60F225", family "Titanium"
INFO     : Using periphery source file "D:/my_code/fpga/yilisi/conv10_10/outflow/conv10_10.lpf"
INFO     : Generating bit file: "D:/my_code/fpga/yilisi/conv10_10/outflow/conv10_10.bit"
INFO     : HEX Generation Options Summary:
INFO     : 	Listing options specified to bitstream generation:
INFO     : 	bitstream_compression                    = on
INFO     : 	oscillator_clock_divider                 = DIV8
INFO     : 	enable_external_master_clock             = off
INFO     : 	spi_low_power_mode                       = on
INFO     : 	active_capture_clk_edge                  = posedge
INFO     : 	enable_remote_update                     = off
INFO     : 	release_tri_then_reset                   = on
INFO     : 	enable_seu_crc_check                     = off
INFO     : 	seu_mode                                 = automatic
INFO     : 	seu_wait_interval                        = 0xFFFFFF
INFO     : 	jtag_usercode                            = 0xFFFFFFFF
INFO     : 	io_weak_pullup                           = on
INFO     : Finished generating "D:/my_code/fpga/yilisi/conv10_10/outflow/conv10_10.hex"
INFO     : Elitestek Bitstream Generator took 0.8662692 seconds [FlowMsg::StageDuration]
INFO     :     Elitestek Bitstream Generator took 0.703125 seconds (approximately) in total CPU time [FlowMsg::StageDuration::CPUTime]
INFO     : Elitestek Bitstream Generator virtual memory usage: begin = 2.612 MB, end = 11.036 MB, delta = 8.424 MB [FlowMsg::VMUsage]
INFO     :     Elitestek Bitstream Generator peak virtual memory usage = 134.496 MB [FlowMsg::VMUsage::Peak]
INFO     : Elitestek Bitstream Generator resident set memory usage: begin = 9.04 MB, end = 21.168 MB, delta = 12.128 MB [FlowMsg::RSSUsage]
INFO     :     Elitestek Bitstream Generator peak resident set memory usage = 140.124 MB [FlowMsg::RSSUsage::Peak]
